******************************************************************************
                  TI ARM Linker PC v20.2.7                     
******************************************************************************
>> Linked Sat Jul  1 20:05:51 2023

OUTPUT FILE NAME:   <Delivery_Car.out>
ENTRY POINT SYMBOL: "_c_int00_noargs"  address: 000026fd


MEMORY CONFIGURATION

         name            origin    length      used     unused   attr    fill
----------------------  --------  ---------  --------  --------  ----  --------
  FLASH                 00000000   00040000  00003188  0003ce78  R  X
  SRAM                  20000000   00008000  00000554  00007aac  RW X


SEGMENT ALLOCATION MAP

run origin  load origin   length   init length attrs members
----------  ----------- ---------- ----------- ----- -------
00000000    00000000    00003188   00003188    r-x
  00000000    00000000    0000026c   0000026c    r-- .intvecs
  0000026c    0000026c    0000287c   0000287c    r-x .text
  00002ae8    00002ae8    00000660   00000660    r-- .const
  00003148    00003148    00000040   00000040    r-- .cinit
20000000    20000000    00000558   00000000    rw-
  20000000    20000000    0000026c   00000000    rw- .vtable
  20000270    20000270    00000200   00000000    rw- .stack
  20000470    20000470    000000d4   00000000    rw- .bss
  20000544    20000544    00000014   00000000    rw- .data


SECTION ALLOCATION MAP

 output                                  attributes/
section   page    origin      length       input sections
--------  ----  ----------  ----------   ----------------
.intvecs   0    00000000    0000026c     
                  00000000    0000026c     tm4c123gh6pm_startup_ccs.obj (.intvecs)

.text      0    0000026c    0000287c     
                  0000026c    000004a8     uartstdio.obj (.text)
                  00000714    00000460     rtsv7M4_T_le_v4SPD16_eabi.lib : strtod.c.obj (.text:strtod)
                  00000b74    000002c8     main.obj (.text)
                  00000e3c    000002a4     TIMER.obj (.text)
                  000010e0    00000254     PWM.obj (.text)
                  00001334    00000250     UART.obj (.text)
                  00001584    000001b6     rtsv7M4_T_le_v4SPD16_eabi.lib : fd_add_t2.asm.obj (.text)
                  0000173a    00000002                                   : div0.asm.obj (.text)
                  0000173c    0000016c     driverlib.lib : gpio.obj (.text:GPIOPadConfigSet)
                  000018a8    00000136     rtsv7M4_T_le_v4SPD16_eabi.lib : fd_div_t2.asm.obj (.text)
                  000019de    00000002     --HOLE-- [fill = 0]
                  000019e0    00000124     INT.obj (.text)
                  00001b04    00000124     QEI.obj (.text)
                  00001c28    0000011c     PID.obj (.text)
                  00001d44    00000118     driverlib.lib : sysctl.obj (.text:SysCtlClockGet)
                  00001e5c    00000110     rtsv7M4_T_le_v4SPD16_eabi.lib : s_scalbn.c.obj (.text:scalbn)
                  00001f6c    000000fc                                   : fd_mul_t2.asm.obj (.text)
                  00002068    000000f4     driverlib.lib : sysctl.obj (.text:SysCtlClockSet)
                  0000215c    0000009c     rtsv7M4_T_le_v4SPD16_eabi.lib : memcpy_t2.asm.obj (.text)
                  000021f8    00000086                                   : fd_cmp_t2.asm.obj (.text:__aeabi_cdcmple)
                  0000227e    0000006e                                   : fd_tos_t2.asm.obj (.text)
                  000022ec    00000068     driverlib.lib : interrupt.obj (.text:IntEnable)
                  00002354    00000068     rtsv7M4_T_le_v4SPD16_eabi.lib : copy_decompress_lzss.c.obj (.text:decompress:lzss:__TI_decompress_lzss)
                  000023bc    00000060     driverlib.lib : timer.obj (.text:TimerConfigure)
                  0000241c    00000058                   : gpio.obj (.text:GPIOIntTypeSet)
                  00002474    0000004c                   : gpio.obj (.text:GPIOPinConfigure)
                  000024c0    0000004c                   : timer.obj (.text:_TimerIntNumberGet)
                  0000250c    00000046                   : uart.obj (.text:UARTConfigSetExpClk)
                  00002552    00000002     --HOLE-- [fill = 0]
                  00002554    00000044                   : gpio.obj (.text:_GPIOIntNumberGet)
                  00002598    00000044     rtsv7M4_T_le_v4SPD16_eabi.lib : autoinit.c.obj (.text:__TI_auto_init_nobinit_nopinit:__TI_auto_init_nobinit_nopinit)
                  000025dc    00000040     driverlib.lib : uart.obj (.text:_UARTIntNumberGet)
                  0000261c    00000040     rtsv7M4_T_le_v4SPD16_eabi.lib : u_divt2.asm.obj (.text)
                  0000265c    00000038     driverlib.lib : sysctl.obj (.text:SysCtlPeripheralPresent)
                  00002694    00000034                   : interrupt.obj (.text:IntRegister)
                  000026c8    00000034                   : sysctl.obj (.text:SysCtlPeripheralEnable)
                  000026fc    00000034     rtsv7M4_T_le_v4SPD16_eabi.lib : boot_cortex_m.c.obj (.text:_c_int00_noargs:_c_int00_noargs)
                  00002730    0000002c     driverlib.lib : gpio.obj (.text:GPIODirModeSet)
                  0000275c    00000024                   : interrupt.obj (.text:IntPrioritySet)
                  00002780    00000022                   : pwm.obj (.text:PWMGenConfigure)
                  000027a2    00000002     --HOLE-- [fill = 0]
                  000027a4    00000020                   : uart.obj (.text:UARTDisable)
                  000027c4    00000020     rtsv7M4_T_le_v4SPD16_eabi.lib : u_tofd_t2.asm.obj (.text)
                  000027e4    0000001e     driverlib.lib : pwm.obj (.text:PWMPulseWidthSet)
                  00002802    0000001c     rtsv7M4_T_le_v4SPD16_eabi.lib : copy_zero_init.c.obj (.text:decompress:ZI:__TI_zero_init_nomemset:__TI_zero_init_nomemset)
                  0000281e    0000001a     driverlib.lib : gpio.obj (.text:GPIOPinTypeGPIOOutput)
                  00002838    0000001a     rtsv7M4_T_le_v4SPD16_eabi.lib : s_copysign.c.obj (.text:copysign)
                  00002852    00000002     --HOLE-- [fill = 0]
                  00002854    00000018     GPIO.obj (.text)
                  0000286c    00000018     driverlib.lib : gpio.obj (.text:GPIOIntRegister)
                  00002884    00000018                   : timer.obj (.text:TimerIntRegister)
                  0000289c    00000018                   : uart.obj (.text:UARTIntRegister)
                  000028b4    00000016                   : gpio.obj (.text:GPIOPinTypePWM)
                  000028ca    00000016                   : gpio.obj (.text:GPIOPinTypeQEI)
                  000028e0    00000016                   : gpio.obj (.text:GPIOPinTypeUART)
                  000028f6    00000002     --HOLE-- [fill = 0]
                  000028f8    00000014                   : sysctl.obj (.text:SysCtlPWMClockSet)
                  0000290c    00000014                   : uart.obj (.text:UARTEnable)
                  00002920    00000012                   : pwm.obj (.text:PWMGenPeriodGet)
                  00002932    00000012                   : pwm.obj (.text:PWMOutputState)
                  00002944    00000012                   : timer.obj (.text:TimerLoadSet)
                  00002956    00000012                   : timer.obj (.text:TimerPrescaleSet)
                  00002968    00000012     rtsv7M4_T_le_v4SPD16_eabi.lib : atof.c.obj (.text:atof)
                  0000297a    00000010     driverlib.lib : interrupt.obj (.text:IntMasterEnable)
                  0000298a    00000010                   : pwm.obj (.text:PWMGenPeriodSet)
                  0000299a    00000002     --HOLE-- [fill = 0]
                  0000299c    00000010     SYS.obj (.text)
                  000029ac    0000000e     driverlib.lib : gpio.obj (.text:GPIOIntStatus)
                  000029ba    0000000e                   : qei.obj (.text:QEIConfigure)
                  000029c8    0000000e                   : qei.obj (.text:QEIDirectionGet)
                  000029d6    0000000e                   : timer.obj (.text:TimerEnable)
                  000029e4    0000000e                   : uart.obj (.text:UARTCharGetNonBlocking)
                  000029f2    0000000e                   : uart.obj (.text:UARTCharPutNonBlocking)
                  00002a00    0000000e                   : uart.obj (.text:UARTCharsAvail)
                  00002a0e    0000000e     rtsv7M4_T_le_v4SPD16_eabi.lib : copy_decompress_none.c.obj (.text:decompress:none:__TI_decompress_none)
                  00002a1c    0000000c     driverlib.lib : cpu.obj (.text:CPUcpsie)
                  00002a28    0000000c                   : gpio.obj (.text:GPIOIntEnable)
                  00002a34    0000000c                   : pwm.obj (.text:PWMGenEnable)
                  00002a40    0000000c     tm4c123gh6pm_startup_ccs.obj (.text)
                  00002a4c    0000000a     driverlib.lib : qei.obj (.text:QEIEnable)
                  00002a56    0000000a                   : qei.obj (.text:QEIIntDisable)
                  00002a60    0000000a                   : timer.obj (.text:TimerIntStatus)
                  00002a6a    0000000a                   : uart.obj (.text:UARTCharGet)
                  00002a74    0000000a                   : uart.obj (.text:UARTCharPut)
                  00002a7e    0000000a                   : uart.obj (.text:UARTFIFOEnable)
                  00002a88    0000000a                   : uart.obj (.text:UARTIntStatus)
                  00002a92    00000008                   : timer.obj (.text:TimerIntEnable)
                  00002a9a    00000008                   : uart.obj (.text:UARTIntEnable)
                  00002aa2    00000002     --HOLE-- [fill = 0]
                  00002aa4    00000008     rtsv7M4_T_le_v4SPD16_eabi.lib : errno.c.obj (.text:__aeabi_errno_addr)
                  00002aac    00000006     driverlib.lib : gpio.obj (.text:GPIOIntClear)
                  00002ab2    00000006                   : gpio.obj (.text:GPIOPinWrite)
                  00002ab8    00000006                   : sysctl.obj (.text:SysCtlDelay)
                  00002abe    00000006                   : timer.obj (.text:TimerClockSourceSet)
                  00002ac4    00000006                   : uart.obj (.text:UARTClockSourceSet)
                  00002aca    00000006                   : uart.obj (.text:UARTFIFOLevelSet)
                  00002ad0    00000004                   : qei.obj (.text:QEIPositionGet)
                  00002ad4    00000004                   : qei.obj (.text:QEIPositionSet)
                  00002ad8    00000004                   : timer.obj (.text:TimerIntClear)
                  00002adc    00000004                   : uart.obj (.text:UARTIntClear)
                  00002ae0    00000004     rtsv7M4_T_le_v4SPD16_eabi.lib : pre_init.c.obj (.text:_system_pre_init)
                  00002ae4    00000004                                   : exit.c.obj (.text:abort:abort)

.const     0    00002ae8    00000660     
                  00002ae8    00000101     rtsv7M4_T_le_v4SPD16_eabi.lib : ctype.c.obj (.const:.string:_ctypes_)
                  00002be9    00000003     --HOLE-- [fill = 0]
                  00002bec    000000d8     driverlib.lib : gpio.obj (.const:g_ppui32GPIOIntMapSnowflake)
                  00002cc4    00000004     uartstdio.obj (.const)
                  00002cc8    000000c8     rtsv7M4_T_le_v4SPD16_eabi.lib : strtod.c.obj (.const:$O1$$)
                  00002d90    000000c0     driverlib.lib : gpio.obj (.const:g_ppui32GPIOIntMapBlizzard)
                  00002e50    0000009c                   : interrupt.obj (.const:g_pui32Regs)
                  00002eec    00000090                   : gpio.obj (.const:g_pui32GPIOBaseAddrs)
                  00002f7c    0000006c                   : sysctl.obj (.const:g_pui32Xtals)
                  00002fe8    00000060                   : timer.obj (.const:g_ppui32TimerIntMap)
                  00003048    00000040                   : timer.obj (.const:g_ppui32TimerIntMapSnowflake)
                  00003088    00000040                   : uart.obj (.const:g_ppui32UARTIntMap)
                  000030c8    00000040                   : uart.obj (.const:g_ppui32UARTIntMapSnowflake)
                  00003108    00000014                   : interrupt.obj (.const:g_pui32EnRegs)
                  0000311c    00000012     uartstdio.obj (.const:.string)
                  0000312e    00000002     --HOLE-- [fill = 0]
                  00003130    0000000c     uartstdio.obj (.const:g_ui32UARTBase)
                  0000313c    0000000c     uartstdio.obj (.const:g_ui32UARTPeriph)

.cinit     0    00003148    00000040     
                  00003148    0000000c     (.cinit..data.load) [load image, compression = lzss]
                  00003154    0000000c     (__TI_handler_table)
                  00003160    00000008     (.cinit..bss.load) [load image, compression = zero_init]
                  00003168    00000008     (.cinit..vtable.load) [load image, compression = zero_init]
                  00003170    00000018     (__TI_cinit_table)

.init_array 
*          0    00000000    00000000     UNINITIALIZED

.vtable    0    20000000    0000026c     UNINITIALIZED
                  20000000    0000026c     driverlib.lib : interrupt.obj (.vtable)

.bss       0    20000470    000000d4     UNINITIALIZED
                  20000470    00000024     (.common:gest)
                  20000494    00000024     (.common:tgest)
                  200004b8    00000020     (.common:angxpid)
                  200004d8    00000020     (.common:v1pid)
                  200004f8    00000020     (.common:v2pid)
                  20000518    00000014     UART.obj (.bss:a$1)
                  2000052c    0000000c     TIMER.obj (.bss:cth1$1)
                  20000538    0000000c     TIMER.obj (.bss:cth2$2)

.data      0    20000544    00000014     UNINITIALIZED
                  20000544    00000005     uartstdio.obj (.data)
                  20000549    00000003     --HOLE--
                  2000054c    00000004     INT.obj (.data)
                  20000550    00000004     UART.obj (.data)
                  20000554    00000004     rtsv7M4_T_le_v4SPD16_eabi.lib : errno.c.obj (.data)

.stack     0    20000270    00000200     UNINITIALIZED
                  20000270    00000004     rtsv7M4_T_le_v4SPD16_eabi.lib : boot_cortex_m.c.obj (.stack)
                  20000274    000001fc     --HOLE--

__llvm_prf_cnts 
*          0    20000000    00000000     UNINITIALIZED

MODULE SUMMARY

       Module                         code    ro data   rw data
       ------                         ----    -------   -------
    .\
       uartstdio.obj                  1192    46        5      
       main.obj                       712     0         0      
       tm4c123gh6pm_startup_ccs.obj   12      620       0      
    +--+------------------------------+-------+---------+---------+
       Total:                         1916    666       5      
                                                               
    .\USER\
       TIMER.obj                      676     0         24     
       UART.obj                       592     0         24     
       PWM.obj                        596     0         0      
       PID.obj                        284     0         168    
       INT.obj                        292     0         4      
       QEI.obj                        292     0         0      
       GPIO.obj                       24      0         0      
       SYS.obj                        16      0         0      
    +--+------------------------------+-------+---------+---------+
       Total:                         2772    0         220    
                                                               
    D:/TivaC/TivaWare/driverlib/ccs/Debug/driverlib.lib
       gpio.obj                       794     552       0      
       interrupt.obj                  208     176       620    
       sysctl.obj                     658     108       0      
       uart.obj                       316     128       0      
       timer.obj                      274     160       0      
       pwm.obj                        128     0         0      
       qei.obj                        56      0         0      
       cpu.obj                        12      0         0      
    +--+------------------------------+-------+---------+---------+
       Total:                         2446    1124      620    
                                                               
    D:\TivaC\CCS\CCS12.3.0.00005_win64\ccs\tools\compiler\ti-cgt-arm_20.2.7.LTS\lib\rtsv7M4_T_le_v4SPD16_eabi.lib
       strtod.c.obj                   1120    200       0      
       fd_add_t2.asm.obj              438     0         0      
       fd_div_t2.asm.obj              310     0         0      
       s_scalbn.c.obj                 272     0         0      
       ctype.c.obj                    0       257       0      
       fd_mul_t2.asm.obj              252     0         0      
       memcpy_t2.asm.obj              156     0         0      
       fd_cmp_t2.asm.obj              134     0         0      
       fd_tos_t2.asm.obj              110     0         0      
       copy_decompress_lzss.c.obj     104     0         0      
       autoinit.c.obj                 68      0         0      
       u_divt2.asm.obj                64      0         0      
       boot_cortex_m.c.obj            52      0         0      
       u_tofd_t2.asm.obj              32      0         0      
       copy_zero_init.c.obj           28      0         0      
       s_copysign.c.obj               26      0         0      
       atof.c.obj                     18      0         0      
       copy_decompress_none.c.obj     14      0         0      
       errno.c.obj                    8       0         4      
       exit.c.obj                     4       0         0      
       pre_init.c.obj                 4       0         0      
       div0.asm.obj                   2       0         0      
    +--+------------------------------+-------+---------+---------+
       Total:                         3216    457       4      
                                                               
       Stack:                         0       0         512    
       Linker Generated:              0       64        0      
    +--+------------------------------+-------+---------+---------+
       Grand Total:                   10350   2311      1361   


LINKER GENERATED COPY TABLES

__TI_cinit_table @ 00003170 records: 3, size/record: 8, table size: 24
	.data: load addr=00003148, load size=0000000c bytes, run addr=20000544, run size=00000014 bytes, compression=lzss
	.bss: load addr=00003160, load size=00000008 bytes, run addr=20000470, run size=000000d4 bytes, compression=zero_init
	.vtable: load addr=00003168, load size=00000008 bytes, run addr=20000000, run size=0000026c bytes, compression=zero_init


LINKER GENERATED HANDLER TABLE

__TI_handler_table @ 00003154 records: 3, size/record: 4, table size: 12
	index: 0, handler: __TI_zero_init
	index: 1, handler: __TI_decompress_lzss
	index: 2, handler: __TI_decompress_none


GLOBAL SYMBOLS: SORTED ALPHABETICALLY BY Name 

address   name                          
-------   ----                          
00001beb  AcquireVelocity_Distance      
00002ae5  C$$EXIT                       
00002a1d  CPUcpsie                      
00002855  ConfigureGPIO                 
00001a41  ConfigureINT                  
000010e1  ConfigurePWM                  
00001b05  ConfigureQEI0                 
00001b83  ConfigureQEI1                 
0000299d  ConfigureSYS                  
00000fd1  ConfigureTIME0                
0000102d  ConfigureTIME1                
00001487  ConfigureUART                 
00001411  ConfigureUART5                
000014bf  ConfigureUART_BuleTooth       
00002731  GPIODirModeSet                
00002aad  GPIOIntClear                  
00002a29  GPIOIntEnable                 
0000286d  GPIOIntRegister               
000029ad  GPIOIntStatus                 
0000241d  GPIOIntTypeSet                
0000173d  GPIOPadConfigSet              
00002475  GPIOPinConfigure              
0000281f  GPIOPinTypeGPIOOutput         
000028b5  GPIOPinTypePWM                
000028cb  GPIOPinTypeQEI                
000028e1  GPIOPinTypeUART               
00002ab3  GPIOPinWrite                  
000022ed  IntEnable                     
0000297b  IntMasterEnable               
0000275d  IntPrioritySet                
00002695  IntRegister                   
00001c77  PID                           
00002781  PWMGenConfigure               
00002a35  PWMGenEnable                  
00002921  PWMGenPeriodGet               
0000298b  PWMGenPeriodSet               
00002933  PWMOutputState                
000027e5  PWMPulseWidthSet              
000029bb  QEIConfigure                  
000029c9  QEIDirectionGet               
00002a4d  QEIEnable                     
00002a57  QEIIntDisable                 
00002ad1  QEIPositionGet                
00002ad5  QEIPositionSet                
00002a41  ResetISR                      
00001181  SET_PWM                       
000019e1  SW1_handler                   
000019e3  SW2_handler                   
00001d45  SysCtlClockGet                
00002069  SysCtlClockSet                
00002ab9  SysCtlDelay                   
000028f9  SysCtlPWMClockSet             
000026c9  SysCtlPeripheralEnable        
0000265d  SysCtlPeripheralPresent       
00000fbb  TIMER0_IRQHandler             
00000e3d  TIMER1_IRQHandler             
00002abf  TimerClockSourceSet           
000023bd  TimerConfigure                
000029d7  TimerEnable                   
00002ad9  TimerIntClear                 
00002a93  TimerIntEnable                
00002885  TimerIntRegister              
00002a61  TimerIntStatus                
00002945  TimerLoadSet                  
00002957  TimerPrescaleSet              
00001335  UART1_Handler_BuleTooth       
00001369  UART5_Handler                 
00002a6b  UARTCharGet                   
000029e5  UARTCharGetNonBlocking        
00002a75  UARTCharPut                   
000029f3  UARTCharPutNonBlocking        
00002a01  UARTCharsAvail                
00002ac5  UARTClockSourceSet            
0000250d  UARTConfigSetExpClk           
000027a5  UARTDisable                   
0000290d  UARTEnable                    
00002a7f  UARTFIFOEnable                
00002acb  UARTFIFOLevelSet              
00002add  UARTIntClear                  
00002a9b  UARTIntEnable                 
0000289d  UARTIntRegister               
00002a89  UARTIntStatus                 
0000026d  UARTStdioConfig               
000003bd  UARTgetc                      
00000303  UARTgets                      
000006df  UARTprintf                    
000003e5  UARTvprintf                   
000002b3  UARTwrite                     
000013dd  USART0_Handler                
20000470  __STACK_END                   
00000200  __STACK_SIZE                  
20000470  __STACK_TOP                   
00003170  __TI_CINIT_Base               
00003188  __TI_CINIT_Limit              
00003154  __TI_Handler_Table_Base       
00003160  __TI_Handler_Table_Limit      
00002599  __TI_auto_init_nobinit_nopinit
00002355  __TI_decompress_lzss          
00002a0f  __TI_decompress_none          
ffffffff  __TI_pprof_out_hndl           
ffffffff  __TI_prof_data_size           
ffffffff  __TI_prof_data_start          
00000000  __TI_static_base__            
00002803  __TI_zero_init_nomemset       
000021f9  __aeabi_cdcmpeq               
000021f9  __aeabi_cdcmple               
0000227f  __aeabi_d2f                   
0000158f  __aeabi_dadd                  
000018a9  __aeabi_ddiv                  
00001f6d  __aeabi_dmul                  
00001585  __aeabi_dsub                  
00002aa5  __aeabi_errno_addr            
0000173b  __aeabi_idiv0                 
0000173b  __aeabi_ldiv0                 
0000215d  __aeabi_memcpy                
0000215d  __aeabi_memcpy4               
0000215d  __aeabi_memcpy8               
000027c5  __aeabi_ui2d                  
0000261d  __aeabi_uidiv                 
0000261d  __aeabi_uidivmod              
ffffffff  __binit__                     
ffffffff  __c_args__                    
UNDEFED   __mpu_init                    
20000270  __stack                       
20000000  __start___llvm_prf_cnts       
20000000  __stop___llvm_prf_cnts        
000026fd  _c_int00_noargs               
00002ae8  _ctypes_                      
UNDEFED   _system_post_cinit            
00002ae1  _system_pre_init              
00002ae5  abort                         
200004b8  angxpid                       
00002969  atof                          
00001169  ban_pwm                       
ffffffff  binit                         
00002839  copysign                      
00002839  copysignl                     
20000554  errno                         
20000000  g_pfnRAMVectors               
00000000  g_pfnVectors                  
20000470  gest                          
00001c29  initPID                       
000019e5  key_handler                   
00001e5d  ldexp                         
00001e5d  ldexpl                        
00000b75  main                          
0000215d  memcpy                        
00000bdf  move                          
00000cbd  move_line                     
00001e5d  scalbn                        
00001e5d  scalbnl                       
00000715  strtod                        
00000715  strtold                       
20000494  tgest                         
200004d8  v1pid                         
200004f8  v2pid                         
000011f1  wheel                         


GLOBAL SYMBOLS: SORTED BY Symbol Address 

address   name                          
-------   ----                          
00000000  __TI_static_base__            
00000000  g_pfnVectors                  
00000200  __STACK_SIZE                  
0000026d  UARTStdioConfig               
000002b3  UARTwrite                     
00000303  UARTgets                      
000003bd  UARTgetc                      
000003e5  UARTvprintf                   
000006df  UARTprintf                    
00000715  strtod                        
00000715  strtold                       
00000b75  main                          
00000bdf  move                          
00000cbd  move_line                     
00000e3d  TIMER1_IRQHandler             
00000fbb  TIMER0_IRQHandler             
00000fd1  ConfigureTIME0                
0000102d  ConfigureTIME1                
000010e1  ConfigurePWM                  
00001169  ban_pwm                       
00001181  SET_PWM                       
000011f1  wheel                         
00001335  UART1_Handler_BuleTooth       
00001369  UART5_Handler                 
000013dd  USART0_Handler                
00001411  ConfigureUART5                
00001487  ConfigureUART                 
000014bf  ConfigureUART_BuleTooth       
00001585  __aeabi_dsub                  
0000158f  __aeabi_dadd                  
0000173b  __aeabi_idiv0                 
0000173b  __aeabi_ldiv0                 
0000173d  GPIOPadConfigSet              
000018a9  __aeabi_ddiv                  
000019e1  SW1_handler                   
000019e3  SW2_handler                   
000019e5  key_handler                   
00001a41  ConfigureINT                  
00001b05  ConfigureQEI0                 
00001b83  ConfigureQEI1                 
00001beb  AcquireVelocity_Distance      
00001c29  initPID                       
00001c77  PID                           
00001d45  SysCtlClockGet                
00001e5d  ldexp                         
00001e5d  ldexpl                        
00001e5d  scalbn                        
00001e5d  scalbnl                       
00001f6d  __aeabi_dmul                  
00002069  SysCtlClockSet                
0000215d  __aeabi_memcpy                
0000215d  __aeabi_memcpy4               
0000215d  __aeabi_memcpy8               
0000215d  memcpy                        
000021f9  __aeabi_cdcmpeq               
000021f9  __aeabi_cdcmple               
0000227f  __aeabi_d2f                   
000022ed  IntEnable                     
00002355  __TI_decompress_lzss          
000023bd  TimerConfigure                
0000241d  GPIOIntTypeSet                
00002475  GPIOPinConfigure              
0000250d  UARTConfigSetExpClk           
00002599  __TI_auto_init_nobinit_nopinit
0000261d  __aeabi_uidiv                 
0000261d  __aeabi_uidivmod              
0000265d  SysCtlPeripheralPresent       
00002695  IntRegister                   
000026c9  SysCtlPeripheralEnable        
000026fd  _c_int00_noargs               
00002731  GPIODirModeSet                
0000275d  IntPrioritySet                
00002781  PWMGenConfigure               
000027a5  UARTDisable                   
000027c5  __aeabi_ui2d                  
000027e5  PWMPulseWidthSet              
00002803  __TI_zero_init_nomemset       
0000281f  GPIOPinTypeGPIOOutput         
00002839  copysign                      
00002839  copysignl                     
00002855  ConfigureGPIO                 
0000286d  GPIOIntRegister               
00002885  TimerIntRegister              
0000289d  UARTIntRegister               
000028b5  GPIOPinTypePWM                
000028cb  GPIOPinTypeQEI                
000028e1  GPIOPinTypeUART               
000028f9  SysCtlPWMClockSet             
0000290d  UARTEnable                    
00002921  PWMGenPeriodGet               
00002933  PWMOutputState                
00002945  TimerLoadSet                  
00002957  TimerPrescaleSet              
00002969  atof                          
0000297b  IntMasterEnable               
0000298b  PWMGenPeriodSet               
0000299d  ConfigureSYS                  
000029ad  GPIOIntStatus                 
000029bb  QEIConfigure                  
000029c9  QEIDirectionGet               
000029d7  TimerEnable                   
000029e5  UARTCharGetNonBlocking        
000029f3  UARTCharPutNonBlocking        
00002a01  UARTCharsAvail                
00002a0f  __TI_decompress_none          
00002a1d  CPUcpsie                      
00002a29  GPIOIntEnable                 
00002a35  PWMGenEnable                  
00002a41  ResetISR                      
00002a4d  QEIEnable                     
00002a57  QEIIntDisable                 
00002a61  TimerIntStatus                
00002a6b  UARTCharGet                   
00002a75  UARTCharPut                   
00002a7f  UARTFIFOEnable                
00002a89  UARTIntStatus                 
00002a93  TimerIntEnable                
00002a9b  UARTIntEnable                 
00002aa5  __aeabi_errno_addr            
00002aad  GPIOIntClear                  
00002ab3  GPIOPinWrite                  
00002ab9  SysCtlDelay                   
00002abf  TimerClockSourceSet           
00002ac5  UARTClockSourceSet            
00002acb  UARTFIFOLevelSet              
00002ad1  QEIPositionGet                
00002ad5  QEIPositionSet                
00002ad9  TimerIntClear                 
00002add  UARTIntClear                  
00002ae1  _system_pre_init              
00002ae5  C$$EXIT                       
00002ae5  abort                         
00002ae8  _ctypes_                      
00003154  __TI_Handler_Table_Base       
00003160  __TI_Handler_Table_Limit      
00003170  __TI_CINIT_Base               
00003188  __TI_CINIT_Limit              
20000000  __start___llvm_prf_cnts       
20000000  __stop___llvm_prf_cnts        
20000000  g_pfnRAMVectors               
20000270  __stack                       
20000470  __STACK_END                   
20000470  __STACK_TOP                   
20000470  gest                          
20000494  tgest                         
200004b8  angxpid                       
200004d8  v1pid                         
200004f8  v2pid                         
20000554  errno                         
ffffffff  __TI_pprof_out_hndl           
ffffffff  __TI_prof_data_size           
ffffffff  __TI_prof_data_start          
ffffffff  __binit__                     
ffffffff  __c_args__                    
ffffffff  binit                         
UNDEFED   __mpu_init                    
UNDEFED   _system_post_cinit            

[157 symbols]
