<?xml version="1.0" encoding="ISO-8859-1" ?>
<link_info>
   <banner>TI ARM Linker PC v20.2.7.LTS</banner>
   <copyright>Copyright (c) 1996-2018 Texas Instruments Incorporated</copyright>
   <link_time>0x64a0169f</link_time>
   <link_errors>0x0</link_errors>
   <output_file>Delivery_Car.out</output_file>
   <entry_point>
      <name>_c_int00_noargs</name>
      <address>0x26fd</address>
   </entry_point>
   <input_file_list>
      <input_file id="fl-2">
         <path>.\</path>
         <kind>object</kind>
         <file>main.obj</file>
         <name>main.obj</name>
      </input_file>
      <input_file id="fl-3">
         <path>.\</path>
         <kind>object</kind>
         <file>tm4c123gh6pm_startup_ccs.obj</file>
         <name>tm4c123gh6pm_startup_ccs.obj</name>
      </input_file>
      <input_file id="fl-4">
         <path>.\</path>
         <kind>object</kind>
         <file>uartstdio.obj</file>
         <name>uartstdio.obj</name>
      </input_file>
      <input_file id="fl-5">
         <path>.\USER\</path>
         <kind>object</kind>
         <file>GPIO.obj</file>
         <name>GPIO.obj</name>
      </input_file>
      <input_file id="fl-6">
         <path>.\USER\</path>
         <kind>object</kind>
         <file>INT.obj</file>
         <name>INT.obj</name>
      </input_file>
      <input_file id="fl-7">
         <path>.\USER\</path>
         <kind>object</kind>
         <file>PID.obj</file>
         <name>PID.obj</name>
      </input_file>
      <input_file id="fl-8">
         <path>.\USER\</path>
         <kind>object</kind>
         <file>PWM.obj</file>
         <name>PWM.obj</name>
      </input_file>
      <input_file id="fl-9">
         <path>.\USER\</path>
         <kind>object</kind>
         <file>QEI.obj</file>
         <name>QEI.obj</name>
      </input_file>
      <input_file id="fl-a">
         <path>.\USER\</path>
         <kind>object</kind>
         <file>SYS.obj</file>
         <name>SYS.obj</name>
      </input_file>
      <input_file id="fl-b">
         <path>.\USER\</path>
         <kind>object</kind>
         <file>TIMER.obj</file>
         <name>TIMER.obj</name>
      </input_file>
      <input_file id="fl-c">
         <path>.\USER\</path>
         <kind>object</kind>
         <file>UART.obj</file>
         <name>UART.obj</name>
      </input_file>
      <input_file id="fl-d">
         <path>.\USER\</path>
         <kind>object</kind>
         <file>mycar.obj</file>
         <name>mycar.obj</name>
      </input_file>
      <input_file id="fl-12">
         <kind>object</kind>
         <file>&lt;internal&gt;</file>
         <name>&lt;internal&gt;</name>
      </input_file>
      <input_file id="fl-c8">
         <path>D:\TivaC\CCS\CCS12.3.0.00005_win64\ccs\tools\compiler\ti-cgt-arm_20.2.7.LTS\lib\</path>
         <kind>archive</kind>
         <file>rtsv7M4_T_le_v4SPD16_eabi.lib</file>
         <name>fd_mul_t2.asm.obj</name>
      </input_file>
      <input_file id="fl-c9">
         <path>D:\TivaC\CCS\CCS12.3.0.00005_win64\ccs\tools\compiler\ti-cgt-arm_20.2.7.LTS\lib\</path>
         <kind>archive</kind>
         <file>rtsv7M4_T_le_v4SPD16_eabi.lib</file>
         <name>fd_tos_t2.asm.obj</name>
      </input_file>
      <input_file id="fl-ca">
         <path>D:\TivaC\CCS\CCS12.3.0.00005_win64\ccs\tools\compiler\ti-cgt-arm_20.2.7.LTS\lib\</path>
         <kind>archive</kind>
         <file>rtsv7M4_T_le_v4SPD16_eabi.lib</file>
         <name>u_tofd_t2.asm.obj</name>
      </input_file>
      <input_file id="fl-cb">
         <path>D:\TivaC\CCS\CCS12.3.0.00005_win64\ccs\tools\compiler\ti-cgt-arm_20.2.7.LTS\lib\</path>
         <kind>archive</kind>
         <file>rtsv7M4_T_le_v4SPD16_eabi.lib</file>
         <name>u_divt2.asm.obj</name>
      </input_file>
      <input_file id="fl-cc">
         <path>D:\TivaC\CCS\CCS12.3.0.00005_win64\ccs\tools\compiler\ti-cgt-arm_20.2.7.LTS\lib\</path>
         <kind>archive</kind>
         <file>rtsv7M4_T_le_v4SPD16_eabi.lib</file>
         <name>copy_zero_init.c.obj</name>
      </input_file>
      <input_file id="fl-cd">
         <path>D:\TivaC\CCS\CCS12.3.0.00005_win64\ccs\tools\compiler\ti-cgt-arm_20.2.7.LTS\lib\</path>
         <kind>archive</kind>
         <file>rtsv7M4_T_le_v4SPD16_eabi.lib</file>
         <name>copy_decompress_none.c.obj</name>
      </input_file>
      <input_file id="fl-ce">
         <path>D:\TivaC\CCS\CCS12.3.0.00005_win64\ccs\tools\compiler\ti-cgt-arm_20.2.7.LTS\lib\</path>
         <kind>archive</kind>
         <file>rtsv7M4_T_le_v4SPD16_eabi.lib</file>
         <name>copy_decompress_lzss.c.obj</name>
      </input_file>
      <input_file id="fl-cf">
         <path>D:\TivaC\CCS\CCS12.3.0.00005_win64\ccs\tools\compiler\ti-cgt-arm_20.2.7.LTS\lib\</path>
         <kind>archive</kind>
         <file>rtsv7M4_T_le_v4SPD16_eabi.lib</file>
         <name>atof.c.obj</name>
      </input_file>
      <input_file id="fl-d0">
         <path>D:\TivaC\CCS\CCS12.3.0.00005_win64\ccs\tools\compiler\ti-cgt-arm_20.2.7.LTS\lib\</path>
         <kind>archive</kind>
         <file>rtsv7M4_T_le_v4SPD16_eabi.lib</file>
         <name>strtod.c.obj</name>
      </input_file>
      <input_file id="fl-d1">
         <path>D:\TivaC\CCS\CCS12.3.0.00005_win64\ccs\tools\compiler\ti-cgt-arm_20.2.7.LTS\lib\</path>
         <kind>archive</kind>
         <file>rtsv7M4_T_le_v4SPD16_eabi.lib</file>
         <name>boot_cortex_m.c.obj</name>
      </input_file>
      <input_file id="fl-d2">
         <path>D:\TivaC\CCS\CCS12.3.0.00005_win64\ccs\tools\compiler\ti-cgt-arm_20.2.7.LTS\lib\</path>
         <kind>archive</kind>
         <file>rtsv7M4_T_le_v4SPD16_eabi.lib</file>
         <name>errno.c.obj</name>
      </input_file>
      <input_file id="fl-d3">
         <path>D:\TivaC\CCS\CCS12.3.0.00005_win64\ccs\tools\compiler\ti-cgt-arm_20.2.7.LTS\lib\</path>
         <kind>archive</kind>
         <file>rtsv7M4_T_le_v4SPD16_eabi.lib</file>
         <name>s_scalbn.c.obj</name>
      </input_file>
      <input_file id="fl-d4">
         <path>D:\TivaC\CCS\CCS12.3.0.00005_win64\ccs\tools\compiler\ti-cgt-arm_20.2.7.LTS\lib\</path>
         <kind>archive</kind>
         <file>rtsv7M4_T_le_v4SPD16_eabi.lib</file>
         <name>div0.asm.obj</name>
      </input_file>
      <input_file id="fl-d5">
         <path>D:\TivaC\CCS\CCS12.3.0.00005_win64\ccs\tools\compiler\ti-cgt-arm_20.2.7.LTS\lib\</path>
         <kind>archive</kind>
         <file>rtsv7M4_T_le_v4SPD16_eabi.lib</file>
         <name>fd_add_t2.asm.obj</name>
      </input_file>
      <input_file id="fl-d6">
         <path>D:\TivaC\CCS\CCS12.3.0.00005_win64\ccs\tools\compiler\ti-cgt-arm_20.2.7.LTS\lib\</path>
         <kind>archive</kind>
         <file>rtsv7M4_T_le_v4SPD16_eabi.lib</file>
         <name>fd_cmp_t2.asm.obj</name>
      </input_file>
      <input_file id="fl-d7">
         <path>D:\TivaC\CCS\CCS12.3.0.00005_win64\ccs\tools\compiler\ti-cgt-arm_20.2.7.LTS\lib\</path>
         <kind>archive</kind>
         <file>rtsv7M4_T_le_v4SPD16_eabi.lib</file>
         <name>fd_div_t2.asm.obj</name>
      </input_file>
      <input_file id="fl-d8">
         <path>D:\TivaC\CCS\CCS12.3.0.00005_win64\ccs\tools\compiler\ti-cgt-arm_20.2.7.LTS\lib\</path>
         <kind>archive</kind>
         <file>rtsv7M4_T_le_v4SPD16_eabi.lib</file>
         <name>memcpy_t2.asm.obj</name>
      </input_file>
      <input_file id="fl-d9">
         <path>D:\TivaC\CCS\CCS12.3.0.00005_win64\ccs\tools\compiler\ti-cgt-arm_20.2.7.LTS\lib\</path>
         <kind>archive</kind>
         <file>rtsv7M4_T_le_v4SPD16_eabi.lib</file>
         <name>memset_t2.asm.obj</name>
      </input_file>
      <input_file id="fl-da">
         <path>D:\TivaC\CCS\CCS12.3.0.00005_win64\ccs\tools\compiler\ti-cgt-arm_20.2.7.LTS\lib\</path>
         <kind>archive</kind>
         <file>rtsv7M4_T_le_v4SPD16_eabi.lib</file>
         <name>autoinit.c.obj</name>
      </input_file>
      <input_file id="fl-db">
         <path>D:\TivaC\CCS\CCS12.3.0.00005_win64\ccs\tools\compiler\ti-cgt-arm_20.2.7.LTS\lib\</path>
         <kind>archive</kind>
         <file>rtsv7M4_T_le_v4SPD16_eabi.lib</file>
         <name>pre_init.c.obj</name>
      </input_file>
      <input_file id="fl-dc">
         <path>D:\TivaC\CCS\CCS12.3.0.00005_win64\ccs\tools\compiler\ti-cgt-arm_20.2.7.LTS\lib\</path>
         <kind>archive</kind>
         <file>rtsv7M4_T_le_v4SPD16_eabi.lib</file>
         <name>cpy_tbl.c.obj</name>
      </input_file>
      <input_file id="fl-dd">
         <path>D:\TivaC\CCS\CCS12.3.0.00005_win64\ccs\tools\compiler\ti-cgt-arm_20.2.7.LTS\lib\</path>
         <kind>archive</kind>
         <file>rtsv7M4_T_le_v4SPD16_eabi.lib</file>
         <name>exit.c.obj</name>
      </input_file>
      <input_file id="fl-de">
         <path>D:\TivaC\CCS\CCS12.3.0.00005_win64\ccs\tools\compiler\ti-cgt-arm_20.2.7.LTS\lib\</path>
         <kind>archive</kind>
         <file>rtsv7M4_T_le_v4SPD16_eabi.lib</file>
         <name>_lock.c.obj</name>
      </input_file>
      <input_file id="fl-df">
         <path>D:\TivaC\CCS\CCS12.3.0.00005_win64\ccs\tools\compiler\ti-cgt-arm_20.2.7.LTS\lib\</path>
         <kind>archive</kind>
         <file>rtsv7M4_T_le_v4SPD16_eabi.lib</file>
         <name>args_main.c.obj</name>
      </input_file>
      <input_file id="fl-e0">
         <path>D:\TivaC\CCS\CCS12.3.0.00005_win64\ccs\tools\compiler\ti-cgt-arm_20.2.7.LTS\lib\</path>
         <kind>archive</kind>
         <file>rtsv7M4_T_le_v4SPD16_eabi.lib</file>
         <name>ctype.c.obj</name>
      </input_file>
      <input_file id="fl-e1">
         <path>D:\TivaC\CCS\CCS12.3.0.00005_win64\ccs\tools\compiler\ti-cgt-arm_20.2.7.LTS\lib\</path>
         <kind>archive</kind>
         <file>rtsv7M4_T_le_v4SPD16_eabi.lib</file>
         <name>s_copysign.c.obj</name>
      </input_file>
      <input_file id="fl-e2">
         <path>D:\TivaC\TivaWare\driverlib\ccs\Debug\</path>
         <kind>archive</kind>
         <file>driverlib.lib</file>
         <name>gpio.obj</name>
      </input_file>
      <input_file id="fl-e3">
         <path>D:\TivaC\TivaWare\driverlib\ccs\Debug\</path>
         <kind>archive</kind>
         <file>driverlib.lib</file>
         <name>interrupt.obj</name>
      </input_file>
      <input_file id="fl-e4">
         <path>D:\TivaC\TivaWare\driverlib\ccs\Debug\</path>
         <kind>archive</kind>
         <file>driverlib.lib</file>
         <name>pwm.obj</name>
      </input_file>
      <input_file id="fl-e5">
         <path>D:\TivaC\TivaWare\driverlib\ccs\Debug\</path>
         <kind>archive</kind>
         <file>driverlib.lib</file>
         <name>qei.obj</name>
      </input_file>
      <input_file id="fl-e6">
         <path>D:\TivaC\TivaWare\driverlib\ccs\Debug\</path>
         <kind>archive</kind>
         <file>driverlib.lib</file>
         <name>sysctl.obj</name>
      </input_file>
      <input_file id="fl-e7">
         <path>D:\TivaC\TivaWare\driverlib\ccs\Debug\</path>
         <kind>archive</kind>
         <file>driverlib.lib</file>
         <name>timer.obj</name>
      </input_file>
      <input_file id="fl-e8">
         <path>D:\TivaC\TivaWare\driverlib\ccs\Debug\</path>
         <kind>archive</kind>
         <file>driverlib.lib</file>
         <name>uart.obj</name>
      </input_file>
      <input_file id="fl-e9">
         <path>D:\TivaC\TivaWare\driverlib\ccs\Debug\</path>
         <kind>archive</kind>
         <file>driverlib.lib</file>
         <name>cpu.obj</name>
      </input_file>
   </input_file_list>
   <object_component_list>
      <object_component id="oc-12">
         <name>.intvecs</name>
         <load_address>0x0</load_address>
         <run_address>0x0</run_address>
         <size>0x26c</size>
         <input_file_ref idref="fl-3"/>
      </object_component>
      <object_component id="oc-ed">
         <name>.text</name>
         <load_address>0x26c</load_address>
         <run_address>0x26c</run_address>
         <size>0x4a8</size>
         <input_file_ref idref="fl-4"/>
      </object_component>
      <object_component id="oc-346">
         <name>.text:strtod</name>
         <load_address>0x714</load_address>
         <run_address>0x714</run_address>
         <size>0x460</size>
         <input_file_ref idref="fl-d0"/>
      </object_component>
      <object_component id="oc-9b">
         <name>.text</name>
         <load_address>0xb74</load_address>
         <run_address>0xb74</run_address>
         <size>0x2c8</size>
         <input_file_ref idref="fl-2"/>
      </object_component>
      <object_component id="oc-c9">
         <name>.text</name>
         <load_address>0xe3c</load_address>
         <run_address>0xe3c</run_address>
         <size>0x2a4</size>
         <input_file_ref idref="fl-b"/>
      </object_component>
      <object_component id="oc-d5">
         <name>.text</name>
         <load_address>0x10e0</load_address>
         <run_address>0x10e0</run_address>
         <size>0x254</size>
         <input_file_ref idref="fl-8"/>
      </object_component>
      <object_component id="oc-db">
         <name>.text</name>
         <load_address>0x1334</load_address>
         <run_address>0x1334</run_address>
         <size>0x250</size>
         <input_file_ref idref="fl-c"/>
      </object_component>
      <object_component id="oc-3e2">
         <name>.text</name>
         <load_address>0x1584</load_address>
         <run_address>0x1584</run_address>
         <size>0x1b6</size>
         <input_file_ref idref="fl-d5"/>
      </object_component>
      <object_component id="oc-383">
         <name>.text</name>
         <load_address>0x173a</load_address>
         <run_address>0x173a</run_address>
         <size>0x2</size>
         <input_file_ref idref="fl-d4"/>
      </object_component>
      <object_component id="oc-267">
         <name>.text:GPIOPadConfigSet</name>
         <load_address>0x173c</load_address>
         <run_address>0x173c</run_address>
         <size>0x16c</size>
         <input_file_ref idref="fl-e2"/>
      </object_component>
      <object_component id="oc-3ec">
         <name>.text</name>
         <load_address>0x18a8</load_address>
         <run_address>0x18a8</run_address>
         <size>0x136</size>
         <input_file_ref idref="fl-d7"/>
      </object_component>
      <object_component id="oc-e7">
         <name>.text</name>
         <load_address>0x19e0</load_address>
         <run_address>0x19e0</run_address>
         <size>0x124</size>
         <input_file_ref idref="fl-6"/>
      </object_component>
      <object_component id="oc-e1">
         <name>.text</name>
         <load_address>0x1b04</load_address>
         <run_address>0x1b04</run_address>
         <size>0x124</size>
         <input_file_ref idref="fl-9"/>
      </object_component>
      <object_component id="oc-f3">
         <name>.text</name>
         <load_address>0x1c28</load_address>
         <run_address>0x1c28</run_address>
         <size>0x11c</size>
         <input_file_ref idref="fl-7"/>
      </object_component>
      <object_component id="oc-233">
         <name>.text:SysCtlClockGet</name>
         <load_address>0x1d44</load_address>
         <run_address>0x1d44</run_address>
         <size>0x118</size>
         <input_file_ref idref="fl-e6"/>
      </object_component>
      <object_component id="oc-3f7">
         <name>.text:scalbn</name>
         <load_address>0x1e5c</load_address>
         <run_address>0x1e5c</run_address>
         <size>0x110</size>
         <input_file_ref idref="fl-d3"/>
      </object_component>
      <object_component id="oc-16a">
         <name>.text</name>
         <load_address>0x1f6c</load_address>
         <run_address>0x1f6c</run_address>
         <size>0xfc</size>
         <input_file_ref idref="fl-c8"/>
      </object_component>
      <object_component id="oc-146">
         <name>.text:SysCtlClockSet</name>
         <load_address>0x2068</load_address>
         <run_address>0x2068</run_address>
         <size>0xf4</size>
         <input_file_ref idref="fl-e6"/>
      </object_component>
      <object_component id="oc-3b">
         <name>.text</name>
         <load_address>0x215c</load_address>
         <run_address>0x215c</run_address>
         <size>0x9c</size>
         <input_file_ref idref="fl-d8"/>
      </object_component>
      <object_component id="oc-3e7">
         <name>.text:__aeabi_cdcmple</name>
         <load_address>0x21f8</load_address>
         <run_address>0x21f8</run_address>
         <size>0x86</size>
         <input_file_ref idref="fl-d6"/>
      </object_component>
      <object_component id="oc-16f">
         <name>.text</name>
         <load_address>0x227e</load_address>
         <run_address>0x227e</run_address>
         <size>0x6e</size>
         <input_file_ref idref="fl-c9"/>
      </object_component>
      <object_component id="oc-1a4">
         <name>.text:IntEnable</name>
         <load_address>0x22ec</load_address>
         <run_address>0x22ec</run_address>
         <size>0x68</size>
         <input_file_ref idref="fl-e3"/>
      </object_component>
      <object_component id="oc-15">
         <name>.text:decompress:lzss:__TI_decompress_lzss</name>
         <load_address>0x2354</load_address>
         <run_address>0x2354</run_address>
         <size>0x68</size>
         <input_file_ref idref="fl-ce"/>
      </object_component>
      <object_component id="oc-180">
         <name>.text:TimerConfigure</name>
         <load_address>0x23bc</load_address>
         <run_address>0x23bc</run_address>
         <size>0x60</size>
         <input_file_ref idref="fl-e7"/>
      </object_component>
      <object_component id="oc-298">
         <name>.text:GPIOIntTypeSet</name>
         <load_address>0x241c</load_address>
         <run_address>0x241c</run_address>
         <size>0x58</size>
         <input_file_ref idref="fl-e2"/>
      </object_component>
      <object_component id="oc-1d3">
         <name>.text:GPIOPinConfigure</name>
         <load_address>0x2474</load_address>
         <run_address>0x2474</run_address>
         <size>0x4c</size>
         <input_file_ref idref="fl-e2"/>
      </object_component>
      <object_component id="oc-30f">
         <name>.text:_TimerIntNumberGet</name>
         <load_address>0x24c0</load_address>
         <run_address>0x24c0</run_address>
         <size>0x4c</size>
         <input_file_ref idref="fl-e7"/>
      </object_component>
      <object_component id="oc-239">
         <name>.text:UARTConfigSetExpClk</name>
         <load_address>0x250c</load_address>
         <run_address>0x250c</run_address>
         <size>0x46</size>
         <input_file_ref idref="fl-e8"/>
      </object_component>
      <object_component id="oc-372">
         <name>.text:_GPIOIntNumberGet</name>
         <load_address>0x2554</load_address>
         <run_address>0x2554</run_address>
         <size>0x44</size>
         <input_file_ref idref="fl-e2"/>
      </object_component>
      <object_component id="oc-10d">
         <name>.text:__TI_auto_init_nobinit_nopinit:__TI_auto_init_nobinit_nopinit</name>
         <load_address>0x2598</load_address>
         <run_address>0x2598</run_address>
         <size>0x44</size>
         <input_file_ref idref="fl-da"/>
      </object_component>
      <object_component id="oc-35d">
         <name>.text:_UARTIntNumberGet</name>
         <load_address>0x25dc</load_address>
         <run_address>0x25dc</run_address>
         <size>0x40</size>
         <input_file_ref idref="fl-e8"/>
      </object_component>
      <object_component id="oc-2c7">
         <name>.text</name>
         <load_address>0x261c</load_address>
         <run_address>0x261c</run_address>
         <size>0x40</size>
         <input_file_ref idref="fl-cb"/>
      </object_component>
      <object_component id="oc-2ac">
         <name>.text:SysCtlPeripheralPresent</name>
         <load_address>0x265c</load_address>
         <run_address>0x265c</run_address>
         <size>0x38</size>
         <input_file_ref idref="fl-e6"/>
      </object_component>
      <object_component id="oc-315">
         <name>.text:IntRegister</name>
         <load_address>0x2694</load_address>
         <run_address>0x2694</run_address>
         <size>0x34</size>
         <input_file_ref idref="fl-e3"/>
      </object_component>
      <object_component id="oc-174">
         <name>.text:SysCtlPeripheralEnable</name>
         <load_address>0x26c8</load_address>
         <run_address>0x26c8</run_address>
         <size>0x34</size>
         <input_file_ref idref="fl-e6"/>
      </object_component>
      <object_component id="oc-59">
         <name>.text:_c_int00_noargs:_c_int00_noargs</name>
         <load_address>0x26fc</load_address>
         <run_address>0x26fc</run_address>
         <size>0x34</size>
         <input_file_ref idref="fl-d1"/>
      </object_component>
      <object_component id="oc-292">
         <name>.text:GPIODirModeSet</name>
         <load_address>0x2730</load_address>
         <run_address>0x2730</run_address>
         <size>0x2c</size>
         <input_file_ref idref="fl-e2"/>
      </object_component>
      <object_component id="oc-19e">
         <name>.text:IntPrioritySet</name>
         <load_address>0x275c</load_address>
         <run_address>0x275c</run_address>
         <size>0x24</size>
         <input_file_ref idref="fl-e3"/>
      </object_component>
      <object_component id="oc-1d9">
         <name>.text:PWMGenConfigure</name>
         <load_address>0x2780</load_address>
         <run_address>0x2780</run_address>
         <size>0x22</size>
         <input_file_ref idref="fl-e4"/>
      </object_component>
      <object_component id="oc-354">
         <name>.text:UARTDisable</name>
         <load_address>0x27a4</load_address>
         <run_address>0x27a4</run_address>
         <size>0x20</size>
         <input_file_ref idref="fl-e8"/>
      </object_component>
      <object_component id="oc-165">
         <name>.text</name>
         <load_address>0x27c4</load_address>
         <run_address>0x27c4</run_address>
         <size>0x20</size>
         <input_file_ref idref="fl-ca"/>
      </object_component>
      <object_component id="oc-1f7">
         <name>.text:PWMPulseWidthSet</name>
         <load_address>0x27e4</load_address>
         <run_address>0x27e4</run_address>
         <size>0x1e</size>
         <input_file_ref idref="fl-e4"/>
      </object_component>
      <object_component id="oc-47">
         <name>.text:decompress:ZI:__TI_zero_init_nomemset:__TI_zero_init_nomemset</name>
         <load_address>0x2802</load_address>
         <run_address>0x2802</run_address>
         <size>0x1c</size>
         <input_file_ref idref="fl-cc"/>
      </object_component>
      <object_component id="oc-1c7">
         <name>.text:GPIOPinTypeGPIOOutput</name>
         <load_address>0x281e</load_address>
         <run_address>0x281e</run_address>
         <size>0x1a</size>
         <input_file_ref idref="fl-e2"/>
      </object_component>
      <object_component id="oc-437">
         <name>.text:copysign</name>
         <load_address>0x2838</load_address>
         <run_address>0x2838</run_address>
         <size>0x1a</size>
         <input_file_ref idref="fl-e1"/>
      </object_component>
      <object_component id="oc-cf">
         <name>.text</name>
         <load_address>0x2854</load_address>
         <run_address>0x2854</run_address>
         <size>0x18</size>
         <input_file_ref idref="fl-5"/>
      </object_component>
      <object_component id="oc-29e">
         <name>.text:GPIOIntRegister</name>
         <load_address>0x286c</load_address>
         <run_address>0x286c</run_address>
         <size>0x18</size>
         <input_file_ref idref="fl-e2"/>
      </object_component>
      <object_component id="oc-192">
         <name>.text:TimerIntRegister</name>
         <load_address>0x2884</load_address>
         <run_address>0x2884</run_address>
         <size>0x18</size>
         <input_file_ref idref="fl-e7"/>
      </object_component>
      <object_component id="oc-24b">
         <name>.text:UARTIntRegister</name>
         <load_address>0x289c</load_address>
         <run_address>0x289c</run_address>
         <size>0x18</size>
         <input_file_ref idref="fl-e8"/>
      </object_component>
      <object_component id="oc-1c1">
         <name>.text:GPIOPinTypePWM</name>
         <load_address>0x28b4</load_address>
         <run_address>0x28b4</run_address>
         <size>0x16</size>
         <input_file_ref idref="fl-e2"/>
      </object_component>
      <object_component id="oc-261">
         <name>.text:GPIOPinTypeQEI</name>
         <load_address>0x28ca</load_address>
         <run_address>0x28ca</run_address>
         <size>0x16</size>
         <input_file_ref idref="fl-e2"/>
      </object_component>
      <object_component id="oc-227">
         <name>.text:GPIOPinTypeUART</name>
         <load_address>0x28e0</load_address>
         <run_address>0x28e0</run_address>
         <size>0x16</size>
         <input_file_ref idref="fl-e2"/>
      </object_component>
      <object_component id="oc-1bb">
         <name>.text:SysCtlPWMClockSet</name>
         <load_address>0x28f8</load_address>
         <run_address>0x28f8</run_address>
         <size>0x14</size>
         <input_file_ref idref="fl-e6"/>
      </object_component>
      <object_component id="oc-257">
         <name>.text:UARTEnable</name>
         <load_address>0x290c</load_address>
         <run_address>0x290c</run_address>
         <size>0x14</size>
         <input_file_ref idref="fl-e8"/>
      </object_component>
      <object_component id="oc-1f1">
         <name>.text:PWMGenPeriodGet</name>
         <load_address>0x2920</load_address>
         <run_address>0x2920</run_address>
         <size>0x12</size>
         <input_file_ref idref="fl-e4"/>
      </object_component>
      <object_component id="oc-1e5">
         <name>.text:PWMOutputState</name>
         <load_address>0x2932</load_address>
         <run_address>0x2932</run_address>
         <size>0x12</size>
         <input_file_ref idref="fl-e4"/>
      </object_component>
      <object_component id="oc-18c">
         <name>.text:TimerLoadSet</name>
         <load_address>0x2944</load_address>
         <run_address>0x2944</run_address>
         <size>0x12</size>
         <input_file_ref idref="fl-e7"/>
      </object_component>
      <object_component id="oc-186">
         <name>.text:TimerPrescaleSet</name>
         <load_address>0x2956</load_address>
         <run_address>0x2956</run_address>
         <size>0x12</size>
         <input_file_ref idref="fl-e7"/>
      </object_component>
      <object_component id="oc-221">
         <name>.text:atof</name>
         <load_address>0x2968</load_address>
         <run_address>0x2968</run_address>
         <size>0x12</size>
         <input_file_ref idref="fl-cf"/>
      </object_component>
      <object_component id="oc-1aa">
         <name>.text:IntMasterEnable</name>
         <load_address>0x297a</load_address>
         <run_address>0x297a</run_address>
         <size>0x10</size>
         <input_file_ref idref="fl-e3"/>
      </object_component>
      <object_component id="oc-1df">
         <name>.text:PWMGenPeriodSet</name>
         <load_address>0x298a</load_address>
         <run_address>0x298a</run_address>
         <size>0x10</size>
         <input_file_ref idref="fl-e4"/>
      </object_component>
      <object_component id="oc-c3">
         <name>.text</name>
         <load_address>0x299c</load_address>
         <run_address>0x299c</run_address>
         <size>0x10</size>
         <input_file_ref idref="fl-a"/>
      </object_component>
      <object_component id="oc-286">
         <name>.text:GPIOIntStatus</name>
         <load_address>0x29ac</load_address>
         <run_address>0x29ac</run_address>
         <size>0xe</size>
         <input_file_ref idref="fl-e2"/>
      </object_component>
      <object_component id="oc-26d">
         <name>.text:QEIConfigure</name>
         <load_address>0x29ba</load_address>
         <run_address>0x29ba</run_address>
         <size>0xe</size>
         <input_file_ref idref="fl-e5"/>
      </object_component>
      <object_component id="oc-15f">
         <name>.text:QEIDirectionGet</name>
         <load_address>0x29c8</load_address>
         <run_address>0x29c8</run_address>
         <size>0xe</size>
         <input_file_ref idref="fl-e5"/>
      </object_component>
      <object_component id="oc-1b0">
         <name>.text:TimerEnable</name>
         <load_address>0x29d6</load_address>
         <run_address>0x29d6</run_address>
         <size>0xe</size>
         <input_file_ref idref="fl-e7"/>
      </object_component>
      <object_component id="oc-20f">
         <name>.text:UARTCharGetNonBlocking</name>
         <load_address>0x29e4</load_address>
         <run_address>0x29e4</run_address>
         <size>0xe</size>
         <input_file_ref idref="fl-e8"/>
      </object_component>
      <object_component id="oc-215">
         <name>.text:UARTCharPutNonBlocking</name>
         <load_address>0x29f2</load_address>
         <run_address>0x29f2</run_address>
         <size>0xe</size>
         <input_file_ref idref="fl-e8"/>
      </object_component>
      <object_component id="oc-21b">
         <name>.text:UARTCharsAvail</name>
         <load_address>0x2a00</load_address>
         <run_address>0x2a00</run_address>
         <size>0xe</size>
         <input_file_ref idref="fl-e8"/>
      </object_component>
      <object_component id="oc-1b">
         <name>.text:decompress:none:__TI_decompress_none</name>
         <load_address>0x2a0e</load_address>
         <run_address>0x2a0e</run_address>
         <size>0xe</size>
         <input_file_ref idref="fl-cd"/>
      </object_component>
      <object_component id="oc-326">
         <name>.text:CPUcpsie</name>
         <load_address>0x2a1c</load_address>
         <run_address>0x2a1c</run_address>
         <size>0xc</size>
         <input_file_ref idref="fl-e9"/>
      </object_component>
      <object_component id="oc-2a4">
         <name>.text:GPIOIntEnable</name>
         <load_address>0x2a28</load_address>
         <run_address>0x2a28</run_address>
         <size>0xc</size>
         <input_file_ref idref="fl-e2"/>
      </object_component>
      <object_component id="oc-1eb">
         <name>.text:PWMGenEnable</name>
         <load_address>0x2a34</load_address>
         <run_address>0x2a34</run_address>
         <size>0xc</size>
         <input_file_ref idref="fl-e4"/>
      </object_component>
      <object_component id="oc-27">
         <name>.text</name>
         <load_address>0x2a40</load_address>
         <run_address>0x2a40</run_address>
         <size>0xc</size>
         <input_file_ref idref="fl-3"/>
      </object_component>
      <object_component id="oc-279">
         <name>.text:QEIEnable</name>
         <load_address>0x2a4c</load_address>
         <run_address>0x2a4c</run_address>
         <size>0xa</size>
         <input_file_ref idref="fl-e5"/>
      </object_component>
      <object_component id="oc-273">
         <name>.text:QEIIntDisable</name>
         <load_address>0x2a56</load_address>
         <run_address>0x2a56</run_address>
         <size>0xa</size>
         <input_file_ref idref="fl-e5"/>
      </object_component>
      <object_component id="oc-14d">
         <name>.text:TimerIntStatus</name>
         <load_address>0x2a60</load_address>
         <run_address>0x2a60</run_address>
         <size>0xa</size>
         <input_file_ref idref="fl-e7"/>
      </object_component>
      <object_component id="oc-2b8">
         <name>.text:UARTCharGet</name>
         <load_address>0x2a6a</load_address>
         <run_address>0x2a6a</run_address>
         <size>0xa</size>
         <input_file_ref idref="fl-e8"/>
      </object_component>
      <object_component id="oc-2b2">
         <name>.text:UARTCharPut</name>
         <load_address>0x2a74</load_address>
         <run_address>0x2a74</run_address>
         <size>0xa</size>
         <input_file_ref idref="fl-e8"/>
      </object_component>
      <object_component id="oc-23f">
         <name>.text:UARTFIFOEnable</name>
         <load_address>0x2a7e</load_address>
         <run_address>0x2a7e</run_address>
         <size>0xa</size>
         <input_file_ref idref="fl-e8"/>
      </object_component>
      <object_component id="oc-203">
         <name>.text:UARTIntStatus</name>
         <load_address>0x2a88</load_address>
         <run_address>0x2a88</run_address>
         <size>0xa</size>
         <input_file_ref idref="fl-e8"/>
      </object_component>
      <object_component id="oc-198">
         <name>.text:TimerIntEnable</name>
         <load_address>0x2a92</load_address>
         <run_address>0x2a92</run_address>
         <size>0x8</size>
         <input_file_ref idref="fl-e7"/>
      </object_component>
      <object_component id="oc-251">
         <name>.text:UARTIntEnable</name>
         <load_address>0x2a9a</load_address>
         <run_address>0x2a9a</run_address>
         <size>0x8</size>
         <input_file_ref idref="fl-e8"/>
      </object_component>
      <object_component id="oc-3f1">
         <name>.text:__aeabi_errno_addr</name>
         <load_address>0x2aa4</load_address>
         <run_address>0x2aa4</run_address>
         <size>0x8</size>
         <input_file_ref idref="fl-d2"/>
      </object_component>
      <object_component id="oc-28c">
         <name>.text:GPIOIntClear</name>
         <load_address>0x2aac</load_address>
         <run_address>0x2aac</run_address>
         <size>0x6</size>
         <input_file_ref idref="fl-e2"/>
      </object_component>
      <object_component id="oc-1cd">
         <name>.text:GPIOPinWrite</name>
         <load_address>0x2ab2</load_address>
         <run_address>0x2ab2</run_address>
         <size>0x6</size>
         <input_file_ref idref="fl-e2"/>
      </object_component>
      <object_component id="oc-2f9">
         <name>.text:SysCtlDelay</name>
         <load_address>0x2ab8</load_address>
         <run_address>0x2ab8</run_address>
         <size>0x6</size>
         <input_file_ref idref="fl-e6"/>
      </object_component>
      <object_component id="oc-17a">
         <name>.text:TimerClockSourceSet</name>
         <load_address>0x2abe</load_address>
         <run_address>0x2abe</run_address>
         <size>0x6</size>
         <input_file_ref idref="fl-e7"/>
      </object_component>
      <object_component id="oc-22d">
         <name>.text:UARTClockSourceSet</name>
         <load_address>0x2ac4</load_address>
         <run_address>0x2ac4</run_address>
         <size>0x6</size>
         <input_file_ref idref="fl-e8"/>
      </object_component>
      <object_component id="oc-245">
         <name>.text:UARTFIFOLevelSet</name>
         <load_address>0x2aca</load_address>
         <run_address>0x2aca</run_address>
         <size>0x6</size>
         <input_file_ref idref="fl-e8"/>
      </object_component>
      <object_component id="oc-159">
         <name>.text:QEIPositionGet</name>
         <load_address>0x2ad0</load_address>
         <run_address>0x2ad0</run_address>
         <size>0x4</size>
         <input_file_ref idref="fl-e5"/>
      </object_component>
      <object_component id="oc-27f">
         <name>.text:QEIPositionSet</name>
         <load_address>0x2ad4</load_address>
         <run_address>0x2ad4</run_address>
         <size>0x4</size>
         <input_file_ref idref="fl-e5"/>
      </object_component>
      <object_component id="oc-153">
         <name>.text:TimerIntClear</name>
         <load_address>0x2ad8</load_address>
         <run_address>0x2ad8</run_address>
         <size>0x4</size>
         <input_file_ref idref="fl-e7"/>
      </object_component>
      <object_component id="oc-209">
         <name>.text:UARTIntClear</name>
         <load_address>0x2adc</load_address>
         <run_address>0x2adc</run_address>
         <size>0x4</size>
         <input_file_ref idref="fl-e8"/>
      </object_component>
      <object_component id="oc-95">
         <name>.text:_system_pre_init</name>
         <load_address>0x2ae0</load_address>
         <run_address>0x2ae0</run_address>
         <size>0x4</size>
         <input_file_ref idref="fl-db"/>
      </object_component>
      <object_component id="oc-101">
         <name>.text:abort:abort</name>
         <load_address>0x2ae4</load_address>
         <run_address>0x2ae4</run_address>
         <size>0x4</size>
         <input_file_ref idref="fl-dd"/>
      </object_component>
      <object_component id="oc-3fd">
         <name>.const:.string:_ctypes_</name>
         <load_address>0x2ae8</load_address>
         <run_address>0x2ae8</run_address>
         <size>0x101</size>
         <input_file_ref idref="fl-e0"/>
      </object_component>
      <object_component id="oc-415">
         <name>.const:g_ppui32GPIOIntMapSnowflake</name>
         <load_address>0x2bec</load_address>
         <run_address>0x2bec</run_address>
         <size>0xd8</size>
         <input_file_ref idref="fl-e2"/>
      </object_component>
      <object_component id="oc-2cc">
         <name>.const</name>
         <load_address>0x2cc4</load_address>
         <run_address>0x2cc4</run_address>
         <size>0x4</size>
         <input_file_ref idref="fl-4"/>
      </object_component>
      <object_component id="oc-400">
         <name>.const:$O1$$</name>
         <load_address>0x2cc8</load_address>
         <run_address>0x2cc8</run_address>
         <size>0xc8</size>
         <input_file_ref idref="fl-d0"/>
      </object_component>
      <object_component id="oc-412">
         <name>.const:g_ppui32GPIOIntMapBlizzard</name>
         <load_address>0x2d90</load_address>
         <run_address>0x2d90</run_address>
         <size>0xc0</size>
         <input_file_ref idref="fl-e2"/>
      </object_component>
      <object_component id="oc-31d">
         <name>.const:g_pui32Regs</name>
         <load_address>0x2e50</load_address>
         <run_address>0x2e50</run_address>
         <size>0x9c</size>
         <input_file_ref idref="fl-e3"/>
      </object_component>
      <object_component id="oc-335">
         <name>.const:g_pui32GPIOBaseAddrs</name>
         <load_address>0x2eec</load_address>
         <run_address>0x2eec</run_address>
         <size>0x90</size>
         <input_file_ref idref="fl-e2"/>
      </object_component>
      <object_component id="oc-350">
         <name>.const:g_pui32Xtals</name>
         <load_address>0x2f7c</load_address>
         <run_address>0x2f7c</run_address>
         <size>0x6c</size>
         <input_file_ref idref="fl-e6"/>
      </object_component>
      <object_component id="oc-3c8">
         <name>.const:g_ppui32TimerIntMap</name>
         <load_address>0x2fe8</load_address>
         <run_address>0x2fe8</run_address>
         <size>0x60</size>
         <input_file_ref idref="fl-e7"/>
      </object_component>
      <object_component id="oc-3cb">
         <name>.const:g_ppui32TimerIntMapSnowflake</name>
         <load_address>0x3048</load_address>
         <run_address>0x3048</run_address>
         <size>0x40</size>
         <input_file_ref idref="fl-e7"/>
      </object_component>
      <object_component id="oc-40b">
         <name>.const:g_ppui32UARTIntMap</name>
         <load_address>0x3088</load_address>
         <run_address>0x3088</run_address>
         <size>0x40</size>
         <input_file_ref idref="fl-e8"/>
      </object_component>
      <object_component id="oc-40e">
         <name>.const:g_ppui32UARTIntMapSnowflake</name>
         <load_address>0x30c8</load_address>
         <run_address>0x30c8</run_address>
         <size>0x40</size>
         <input_file_ref idref="fl-e8"/>
      </object_component>
      <object_component id="oc-322">
         <name>.const:g_pui32EnRegs</name>
         <load_address>0x3108</load_address>
         <run_address>0x3108</run_address>
         <size>0x14</size>
         <input_file_ref idref="fl-e3"/>
      </object_component>
      <object_component id="oc-389">
         <name>.const:.string</name>
         <load_address>0x311c</load_address>
         <run_address>0x311c</run_address>
         <size>0x12</size>
         <input_file_ref idref="fl-4"/>
      </object_component>
      <object_component id="oc-2c4">
         <name>.const:g_ui32UARTBase</name>
         <load_address>0x3130</load_address>
         <run_address>0x3130</run_address>
         <size>0xc</size>
         <input_file_ref idref="fl-4"/>
      </object_component>
      <object_component id="oc-2be">
         <name>.const:g_ui32UARTPeriph</name>
         <load_address>0x313c</load_address>
         <run_address>0x313c</run_address>
         <size>0xc</size>
         <input_file_ref idref="fl-4"/>
      </object_component>
      <object_component id="oc-48d">
         <name>.cinit..data.load</name>
         <load_address>0x3148</load_address>
         <run_address>0x3148</run_address>
         <size>0xc</size>
      </object_component>
      <object_component id="oc-48a">
         <name>__TI_handler_table</name>
         <load_address>0x3154</load_address>
         <run_address>0x3154</run_address>
         <size>0xc</size>
      </object_component>
      <object_component id="oc-48e">
         <name>.cinit..bss.load</name>
         <load_address>0x3160</load_address>
         <run_address>0x3160</run_address>
         <size>0x8</size>
      </object_component>
      <object_component id="oc-48c">
         <name>.cinit..vtable.load</name>
         <load_address>0x3168</load_address>
         <run_address>0x3168</run_address>
         <size>0x8</size>
      </object_component>
      <object_component id="oc-48b">
         <name>__TI_cinit_table</name>
         <load_address>0x3170</load_address>
         <run_address>0x3170</run_address>
         <size>0x18</size>
      </object_component>
      <object_component id="oc-3cf">
         <name>.vtable</name>
         <uninitialized>true</uninitialized>
         <run_address>0x20000000</run_address>
         <size>0x26c</size>
         <input_file_ref idref="fl-e3"/>
      </object_component>
      <object_component id="oc-2c1">
         <name>.data</name>
         <load_address>0x20000544</load_address>
         <run_address>0x20000544</run_address>
         <size>0x5</size>
         <input_file_ref idref="fl-4"/>
      </object_component>
      <object_component id="oc-2aa">
         <name>.data</name>
         <load_address>0x2000054c</load_address>
         <run_address>0x2000054c</run_address>
         <size>0x4</size>
         <input_file_ref idref="fl-6"/>
      </object_component>
      <object_component id="oc-25e">
         <name>.data</name>
         <load_address>0x20000550</load_address>
         <run_address>0x20000550</run_address>
         <size>0x4</size>
         <input_file_ref idref="fl-c"/>
      </object_component>
      <object_component id="oc-432">
         <name>.data</name>
         <load_address>0x20000554</load_address>
         <run_address>0x20000554</run_address>
         <size>0x4</size>
         <input_file_ref idref="fl-d2"/>
      </object_component>
      <object_component id="oc-1b6">
         <name>.bss:cth1$1</name>
         <uninitialized>true</uninitialized>
         <run_address>0x2000052c</run_address>
         <size>0xc</size>
         <input_file_ref idref="fl-b"/>
      </object_component>
      <object_component id="oc-1b7">
         <name>.bss:cth2$2</name>
         <uninitialized>true</uninitialized>
         <run_address>0x20000538</run_address>
         <size>0xc</size>
         <input_file_ref idref="fl-b"/>
      </object_component>
      <object_component id="oc-25d">
         <name>.bss:a$1</name>
         <uninitialized>true</uninitialized>
         <run_address>0x20000518</run_address>
         <size>0x14</size>
         <input_file_ref idref="fl-c"/>
      </object_component>
      <object_component id="oc-f9">
         <name>.common:gest</name>
         <uninitialized>true</uninitialized>
         <run_address>0x20000470</run_address>
         <size>0x24</size>
      </object_component>
      <object_component id="oc-fc">
         <name>.common:tgest</name>
         <uninitialized>true</uninitialized>
         <run_address>0x20000494</run_address>
         <size>0x24</size>
      </object_component>
      <object_component id="oc-ff">
         <name>.common:angxpid</name>
         <uninitialized>true</uninitialized>
         <run_address>0x200004b8</run_address>
         <size>0x20</size>
      </object_component>
      <object_component id="oc-fd">
         <name>.common:v1pid</name>
         <uninitialized>true</uninitialized>
         <run_address>0x200004d8</run_address>
         <size>0x20</size>
      </object_component>
      <object_component id="oc-fe">
         <name>.common:v2pid</name>
         <uninitialized>true</uninitialized>
         <run_address>0x200004f8</run_address>
         <size>0x20</size>
      </object_component>
      <object_component id="oc-24">
         <name>.stack</name>
         <uninitialized>true</uninitialized>
         <run_address>0x20000270</run_address>
         <size>0x4</size>
         <input_file_ref idref="fl-d1"/>
      </object_component>
      <object_component id="oc-490">
         <name>.stack</name>
         <uninitialized>true</uninitialized>
         <run_address>0x20000270</run_address>
         <size>0x0</size>
      </object_component>
      <object_component id="oc-b2">
         <name>.debug_info</name>
         <load_address>0x0</load_address>
         <run_address>0x0</run_address>
         <size>0x535</size>
         <input_file_ref idref="fl-2"/>
      </object_component>
      <object_component id="oc-9c">
         <name>.debug_info</name>
         <load_address>0x535</load_address>
         <run_address>0x535</run_address>
         <size>0x3be</size>
         <input_file_ref idref="fl-2"/>
      </object_component>
      <object_component id="oc-70">
         <name>.debug_info</name>
         <load_address>0x8f3</load_address>
         <run_address>0x8f3</run_address>
         <size>0x26b</size>
         <input_file_ref idref="fl-2"/>
      </object_component>
      <object_component id="oc-36">
         <name>.debug_info</name>
         <load_address>0xb5e</load_address>
         <run_address>0xb5e</run_address>
         <size>0x84</size>
         <input_file_ref idref="fl-2"/>
      </object_component>
      <object_component id="oc-ad">
         <name>.debug_info</name>
         <load_address>0xbe2</load_address>
         <run_address>0xbe2</run_address>
         <size>0x2a4</size>
         <input_file_ref idref="fl-2"/>
      </object_component>
      <object_component id="oc-75">
         <name>.debug_info</name>
         <load_address>0xe86</load_address>
         <run_address>0xe86</run_address>
         <size>0xbb</size>
         <input_file_ref idref="fl-2"/>
      </object_component>
      <object_component id="oc-2d1">
         <name>.debug_info</name>
         <load_address>0xf41</load_address>
         <run_address>0xf41</run_address>
         <size>0x2c</size>
         <input_file_ref idref="fl-2"/>
      </object_component>
      <object_component id="oc-141">
         <name>.debug_info</name>
         <load_address>0xf6d</load_address>
         <run_address>0xf6d</run_address>
         <size>0x18f</size>
         <input_file_ref idref="fl-2"/>
      </object_component>
      <object_component id="oc-2f">
         <name>.debug_info</name>
         <load_address>0x10fc</load_address>
         <run_address>0x10fc</run_address>
         <size>0x2a2</size>
         <input_file_ref idref="fl-3"/>
      </object_component>
      <object_component id="oc-13">
         <name>.debug_info</name>
         <load_address>0x139e</load_address>
         <run_address>0x139e</run_address>
         <size>0xe1</size>
         <input_file_ref idref="fl-3"/>
      </object_component>
      <object_component id="oc-28">
         <name>.debug_info</name>
         <load_address>0x147f</load_address>
         <run_address>0x147f</run_address>
         <size>0x25d</size>
         <input_file_ref idref="fl-3"/>
      </object_component>
      <object_component id="oc-2d0">
         <name>.debug_info</name>
         <load_address>0x16dc</load_address>
         <run_address>0x16dc</run_address>
         <size>0x3d6</size>
         <input_file_ref idref="fl-4"/>
      </object_component>
      <object_component id="oc-2c2">
         <name>.debug_info</name>
         <load_address>0x1ab2</load_address>
         <run_address>0x1ab2</run_address>
         <size>0xcd</size>
         <input_file_ref idref="fl-4"/>
      </object_component>
      <object_component id="oc-2cd">
         <name>.debug_info</name>
         <load_address>0x1b7f</load_address>
         <run_address>0x1b7f</run_address>
         <size>0xc7</size>
         <input_file_ref idref="fl-4"/>
      </object_component>
      <object_component id="oc-2c5">
         <name>.debug_info</name>
         <load_address>0x1c46</load_address>
         <run_address>0x1c46</run_address>
         <size>0xd5</size>
         <input_file_ref idref="fl-4"/>
      </object_component>
      <object_component id="oc-2bf">
         <name>.debug_info</name>
         <load_address>0x1d1b</load_address>
         <run_address>0x1d1b</run_address>
         <size>0xd9</size>
         <input_file_ref idref="fl-4"/>
      </object_component>
      <object_component id="oc-ee">
         <name>.debug_info</name>
         <load_address>0x1df4</load_address>
         <run_address>0x1df4</run_address>
         <size>0x776</size>
         <input_file_ref idref="fl-4"/>
      </object_component>
      <object_component id="oc-1fe">
         <name>.debug_info</name>
         <load_address>0x256a</load_address>
         <run_address>0x256a</run_address>
         <size>0x8b</size>
         <input_file_ref idref="fl-4"/>
      </object_component>
      <object_component id="oc-d2">
         <name>.debug_info</name>
         <load_address>0x25f5</load_address>
         <run_address>0x25f5</run_address>
         <size>0x142</size>
         <input_file_ref idref="fl-5"/>
      </object_component>
      <object_component id="oc-ea">
         <name>.debug_info</name>
         <load_address>0x2737</load_address>
         <run_address>0x2737</run_address>
         <size>0x3ec</size>
         <input_file_ref idref="fl-6"/>
      </object_component>
      <object_component id="oc-fa">
         <name>.debug_info</name>
         <load_address>0x2b23</load_address>
         <run_address>0x2b23</run_address>
         <size>0x389</size>
         <input_file_ref idref="fl-7"/>
      </object_component>
      <object_component id="oc-f6">
         <name>.debug_info</name>
         <load_address>0x2eac</load_address>
         <run_address>0x2eac</run_address>
         <size>0x245</size>
         <input_file_ref idref="fl-7"/>
      </object_component>
      <object_component id="oc-d6">
         <name>.debug_info</name>
         <load_address>0x30f1</load_address>
         <run_address>0x30f1</run_address>
         <size>0x4ed</size>
         <input_file_ref idref="fl-8"/>
      </object_component>
      <object_component id="oc-e2">
         <name>.debug_info</name>
         <load_address>0x35de</load_address>
         <run_address>0x35de</run_address>
         <size>0x3dd</size>
         <input_file_ref idref="fl-9"/>
      </object_component>
      <object_component id="oc-c4">
         <name>.debug_info</name>
         <load_address>0x39bb</load_address>
         <run_address>0x39bb</run_address>
         <size>0x118</size>
         <input_file_ref idref="fl-a"/>
      </object_component>
      <object_component id="oc-1b9">
         <name>.debug_info</name>
         <load_address>0x3ad3</load_address>
         <run_address>0x3ad3</run_address>
         <size>0x597</size>
         <input_file_ref idref="fl-b"/>
      </object_component>
      <object_component id="oc-cb">
         <name>.debug_info</name>
         <load_address>0x406a</load_address>
         <run_address>0x406a</run_address>
         <size>0x63e</size>
         <input_file_ref idref="fl-b"/>
      </object_component>
      <object_component id="oc-260">
         <name>.debug_info</name>
         <load_address>0x46a8</load_address>
         <run_address>0x46a8</run_address>
         <size>0x6c2</size>
         <input_file_ref idref="fl-c"/>
      </object_component>
      <object_component id="oc-de">
         <name>.debug_info</name>
         <load_address>0x4d6a</load_address>
         <run_address>0x4d6a</run_address>
         <size>0x87e</size>
         <input_file_ref idref="fl-c"/>
      </object_component>
      <object_component id="oc-16b">
         <name>.debug_info</name>
         <load_address>0x55e8</load_address>
         <run_address>0x55e8</run_address>
         <size>0x13a</size>
         <input_file_ref idref="fl-c8"/>
      </object_component>
      <object_component id="oc-171">
         <name>.debug_info</name>
         <load_address>0x5722</load_address>
         <run_address>0x5722</run_address>
         <size>0x13e</size>
         <input_file_ref idref="fl-c9"/>
      </object_component>
      <object_component id="oc-168">
         <name>.debug_info</name>
         <load_address>0x5860</load_address>
         <run_address>0x5860</run_address>
         <size>0x12e</size>
         <input_file_ref idref="fl-ca"/>
      </object_component>
      <object_component id="oc-2c8">
         <name>.debug_info</name>
         <load_address>0x598e</load_address>
         <run_address>0x598e</run_address>
         <size>0x142</size>
         <input_file_ref idref="fl-cb"/>
      </object_component>
      <object_component id="oc-8e">
         <name>.debug_info</name>
         <load_address>0x5ad0</load_address>
         <run_address>0x5ad0</run_address>
         <size>0x2d4</size>
         <input_file_ref idref="fl-cc"/>
      </object_component>
      <object_component id="oc-48">
         <name>.debug_info</name>
         <load_address>0x5da4</load_address>
         <run_address>0x5da4</run_address>
         <size>0x1d2</size>
         <input_file_ref idref="fl-cc"/>
      </object_component>
      <object_component id="oc-89">
         <name>.debug_info</name>
         <load_address>0x5f76</load_address>
         <run_address>0x5f76</run_address>
         <size>0x46</size>
         <input_file_ref idref="fl-cc"/>
      </object_component>
      <object_component id="oc-ba">
         <name>.debug_info</name>
         <load_address>0x5fbc</load_address>
         <run_address>0x5fbc</run_address>
         <size>0x2c</size>
         <input_file_ref idref="fl-cc"/>
      </object_component>
      <object_component id="oc-46">
         <name>.debug_info</name>
         <load_address>0x5fe8</load_address>
         <run_address>0x5fe8</run_address>
         <size>0x2a8</size>
         <input_file_ref idref="fl-cd"/>
      </object_component>
      <object_component id="oc-1c">
         <name>.debug_info</name>
         <load_address>0x6290</load_address>
         <run_address>0x6290</run_address>
         <size>0x1ea</size>
         <input_file_ref idref="fl-cd"/>
      </object_component>
      <object_component id="oc-41">
         <name>.debug_info</name>
         <load_address>0x647a</load_address>
         <run_address>0x647a</run_address>
         <size>0x46</size>
         <input_file_ref idref="fl-cd"/>
      </object_component>
      <object_component id="oc-81">
         <name>.debug_info</name>
         <load_address>0x64c0</load_address>
         <run_address>0x64c0</run_address>
         <size>0x2c</size>
         <input_file_ref idref="fl-cd"/>
      </object_component>
      <object_component id="oc-7f">
         <name>.debug_info</name>
         <load_address>0x64ec</load_address>
         <run_address>0x64ec</run_address>
         <size>0x29e</size>
         <input_file_ref idref="fl-ce"/>
      </object_component>
      <object_component id="oc-17">
         <name>.debug_info</name>
         <load_address>0x678a</load_address>
         <run_address>0x678a</run_address>
         <size>0x250</size>
         <input_file_ref idref="fl-ce"/>
      </object_component>
      <object_component id="oc-31">
         <name>.debug_info</name>
         <load_address>0x69da</load_address>
         <run_address>0x69da</run_address>
         <size>0x60</size>
         <input_file_ref idref="fl-ce"/>
      </object_component>
      <object_component id="oc-b3">
         <name>.debug_info</name>
         <load_address>0x6a3a</load_address>
         <run_address>0x6a3a</run_address>
         <size>0x46</size>
         <input_file_ref idref="fl-ce"/>
      </object_component>
      <object_component id="oc-7a">
         <name>.debug_info</name>
         <load_address>0x6a80</load_address>
         <run_address>0x6a80</run_address>
         <size>0x39</size>
         <input_file_ref idref="fl-ce"/>
      </object_component>
      <object_component id="oc-34d">
         <name>.debug_info</name>
         <load_address>0x6ab9</load_address>
         <run_address>0x6ab9</run_address>
         <size>0x2c5</size>
         <input_file_ref idref="fl-cf"/>
      </object_component>
      <object_component id="oc-222">
         <name>.debug_info</name>
         <load_address>0x6d7e</load_address>
         <run_address>0x6d7e</run_address>
         <size>0x149</size>
         <input_file_ref idref="fl-cf"/>
      </object_component>
      <object_component id="oc-404">
         <name>.debug_info</name>
         <load_address>0x6ec7</load_address>
         <run_address>0x6ec7</run_address>
         <size>0x3b1</size>
         <input_file_ref idref="fl-d0"/>
      </object_component>
      <object_component id="oc-401">
         <name>.debug_info</name>
         <load_address>0x7278</load_address>
         <run_address>0x7278</run_address>
         <size>0x123</size>
         <input_file_ref idref="fl-d0"/>
      </object_component>
      <object_component id="oc-34a">
         <name>.debug_info</name>
         <load_address>0x739b</load_address>
         <run_address>0x739b</run_address>
         <size>0x4e0</size>
         <input_file_ref idref="fl-d0"/>
      </object_component>
      <object_component id="oc-25">
         <name>.debug_info</name>
         <load_address>0x787b</load_address>
         <run_address>0x787b</run_address>
         <size>0x10b</size>
         <input_file_ref idref="fl-d1"/>
      </object_component>
      <object_component id="oc-5b">
         <name>.debug_info</name>
         <load_address>0x7986</load_address>
         <run_address>0x7986</run_address>
         <size>0x1a9</size>
         <input_file_ref idref="fl-d1"/>
      </object_component>
      <object_component id="oc-436">
         <name>.debug_info</name>
         <load_address>0x7b2f</load_address>
         <run_address>0x7b2f</run_address>
         <size>0x289</size>
         <input_file_ref idref="fl-d2"/>
      </object_component>
      <object_component id="oc-433">
         <name>.debug_info</name>
         <load_address>0x7db8</load_address>
         <run_address>0x7db8</run_address>
         <size>0x10e</size>
         <input_file_ref idref="fl-d2"/>
      </object_component>
      <object_component id="oc-3f4">
         <name>.debug_info</name>
         <load_address>0x7ec6</load_address>
         <run_address>0x7ec6</run_address>
         <size>0x14e</size>
         <input_file_ref idref="fl-d2"/>
      </object_component>
      <object_component id="oc-43e">
         <name>.debug_info</name>
         <load_address>0x8014</load_address>
         <run_address>0x8014</run_address>
         <size>0x2f8</size>
         <input_file_ref idref="fl-d3"/>
      </object_component>
      <object_component id="oc-3f8">
         <name>.debug_info</name>
         <load_address>0x830c</load_address>
         <run_address>0x830c</run_address>
         <size>0x225</size>
         <input_file_ref idref="fl-d3"/>
      </object_component>
      <object_component id="oc-45a">
         <name>.debug_info</name>
         <load_address>0x8531</load_address>
         <run_address>0x8531</run_address>
         <size>0x39</size>
         <input_file_ref idref="fl-d3"/>
      </object_component>
      <object_component id="oc-43f">
         <name>.debug_info</name>
         <load_address>0x856a</load_address>
         <run_address>0x856a</run_address>
         <size>0x2c</size>
         <input_file_ref idref="fl-d3"/>
      </object_component>
      <object_component id="oc-385">
         <name>.debug_info</name>
         <load_address>0x8596</load_address>
         <run_address>0x8596</run_address>
         <size>0x115</size>
         <input_file_ref idref="fl-d4"/>
      </object_component>
      <object_component id="oc-3e5">
         <name>.debug_info</name>
         <load_address>0x86ab</load_address>
         <run_address>0x86ab</run_address>
         <size>0x14c</size>
         <input_file_ref idref="fl-d5"/>
      </object_component>
      <object_component id="oc-3e8">
         <name>.debug_info</name>
         <load_address>0x87f7</load_address>
         <run_address>0x87f7</run_address>
         <size>0x128</size>
         <input_file_ref idref="fl-d6"/>
      </object_component>
      <object_component id="oc-3ed">
         <name>.debug_info</name>
         <load_address>0x891f</load_address>
         <run_address>0x891f</run_address>
         <size>0x13a</size>
         <input_file_ref idref="fl-d7"/>
      </object_component>
      <object_component id="oc-3e">
         <name>.debug_info</name>
         <load_address>0x8a59</load_address>
         <run_address>0x8a59</run_address>
         <size>0x119</size>
         <input_file_ref idref="fl-d8"/>
      </object_component>
      <object_component id="oc-2e4">
         <name>.debug_info</name>
         <load_address>0x8b72</load_address>
         <run_address>0x8b72</run_address>
         <size>0x4b3</size>
         <input_file_ref idref="fl-da"/>
      </object_component>
      <object_component id="oc-10e">
         <name>.debug_info</name>
         <load_address>0x9025</load_address>
         <run_address>0x9025</run_address>
         <size>0x1a6</size>
         <input_file_ref idref="fl-da"/>
      </object_component>
      <object_component id="oc-39e">
         <name>.debug_info</name>
         <load_address>0x91cb</load_address>
         <run_address>0x91cb</run_address>
         <size>0x39</size>
         <input_file_ref idref="fl-da"/>
      </object_component>
      <object_component id="oc-41d">
         <name>.debug_info</name>
         <load_address>0x9204</load_address>
         <run_address>0x9204</run_address>
         <size>0x39</size>
         <input_file_ref idref="fl-da"/>
      </object_component>
      <object_component id="oc-3a3">
         <name>.debug_info</name>
         <load_address>0x923d</load_address>
         <run_address>0x923d</run_address>
         <size>0x39</size>
         <input_file_ref idref="fl-da"/>
      </object_component>
      <object_component id="oc-3a8">
         <name>.debug_info</name>
         <load_address>0x9276</load_address>
         <run_address>0x9276</run_address>
         <size>0xcd</size>
         <input_file_ref idref="fl-da"/>
      </object_component>
      <object_component id="oc-98">
         <name>.debug_info</name>
         <load_address>0x9343</load_address>
         <run_address>0x9343</run_address>
         <size>0x153</size>
         <input_file_ref idref="fl-db"/>
      </object_component>
      <object_component id="oc-102">
         <name>.debug_info</name>
         <load_address>0x9496</load_address>
         <run_address>0x9496</run_address>
         <size>0x122</size>
         <input_file_ref idref="fl-dd"/>
      </object_component>
      <object_component id="oc-446">
         <name>.debug_info</name>
         <load_address>0x95b8</load_address>
         <run_address>0x95b8</run_address>
         <size>0xf9</size>
         <input_file_ref idref="fl-e0"/>
      </object_component>
      <object_component id="oc-3fe">
         <name>.debug_info</name>
         <load_address>0x96b1</load_address>
         <run_address>0x96b1</run_address>
         <size>0x105</size>
         <input_file_ref idref="fl-e0"/>
      </object_component>
      <object_component id="oc-439">
         <name>.debug_info</name>
         <load_address>0x97b6</load_address>
         <run_address>0x97b6</run_address>
         <size>0x161</size>
         <input_file_ref idref="fl-e1"/>
      </object_component>
      <object_component id="oc-332">
         <name>.debug_info</name>
         <load_address>0x9917</load_address>
         <run_address>0x9917</run_address>
         <size>0x3e4</size>
         <input_file_ref idref="fl-e2"/>
      </object_component>
      <object_component id="oc-413">
         <name>.debug_info</name>
         <load_address>0x9cfb</load_address>
         <run_address>0x9cfb</run_address>
         <size>0x170</size>
         <input_file_ref idref="fl-e2"/>
      </object_component>
      <object_component id="oc-416">
         <name>.debug_info</name>
         <load_address>0x9e6b</load_address>
         <run_address>0x9e6b</run_address>
         <size>0x172</size>
         <input_file_ref idref="fl-e2"/>
      </object_component>
      <object_component id="oc-336">
         <name>.debug_info</name>
         <load_address>0x9fdd</load_address>
         <run_address>0x9fdd</run_address>
         <size>0x164</size>
         <input_file_ref idref="fl-e2"/>
      </object_component>
      <object_component id="oc-1d1">
         <name>.debug_info</name>
         <load_address>0xa141</load_address>
         <run_address>0xa141</run_address>
         <size>0x2ac</size>
         <input_file_ref idref="fl-e2"/>
      </object_component>
      <object_component id="oc-296">
         <name>.debug_info</name>
         <load_address>0xa3ed</load_address>
         <run_address>0xa3ed</run_address>
         <size>0x2bc</size>
         <input_file_ref idref="fl-e2"/>
      </object_component>
      <object_component id="oc-26b">
         <name>.debug_info</name>
         <load_address>0xa6a9</load_address>
         <run_address>0xa6a9</run_address>
         <size>0x31f</size>
         <input_file_ref idref="fl-e2"/>
      </object_component>
      <object_component id="oc-22b">
         <name>.debug_info</name>
         <load_address>0xa9c8</load_address>
         <run_address>0xa9c8</run_address>
         <size>0x29b</size>
         <input_file_ref idref="fl-e2"/>
      </object_component>
      <object_component id="oc-265">
         <name>.debug_info</name>
         <load_address>0xac63</load_address>
         <run_address>0xac63</run_address>
         <size>0x299</size>
         <input_file_ref idref="fl-e2"/>
      </object_component>
      <object_component id="oc-1c5">
         <name>.debug_info</name>
         <load_address>0xaefc</load_address>
         <run_address>0xaefc</run_address>
         <size>0x299</size>
         <input_file_ref idref="fl-e2"/>
      </object_component>
      <object_component id="oc-1cb">
         <name>.debug_info</name>
         <load_address>0xb195</load_address>
         <run_address>0xb195</run_address>
         <size>0x2c0</size>
         <input_file_ref idref="fl-e2"/>
      </object_component>
      <object_component id="oc-1d7">
         <name>.debug_info</name>
         <load_address>0xb455</load_address>
         <run_address>0xb455</run_address>
         <size>0x289</size>
         <input_file_ref idref="fl-e2"/>
      </object_component>
      <object_component id="oc-376">
         <name>.debug_info</name>
         <load_address>0xb6de</load_address>
         <run_address>0xb6de</run_address>
         <size>0x2a1</size>
         <input_file_ref idref="fl-e2"/>
      </object_component>
      <object_component id="oc-29c">
         <name>.debug_info</name>
         <load_address>0xb97f</load_address>
         <run_address>0xb97f</run_address>
         <size>0x2c4</size>
         <input_file_ref idref="fl-e2"/>
      </object_component>
      <object_component id="oc-28a">
         <name>.debug_info</name>
         <load_address>0xbc43</load_address>
         <run_address>0xbc43</run_address>
         <size>0x288</size>
         <input_file_ref idref="fl-e2"/>
      </object_component>
      <object_component id="oc-2a2">
         <name>.debug_info</name>
         <load_address>0xbecb</load_address>
         <run_address>0xbecb</run_address>
         <size>0x2d8</size>
         <input_file_ref idref="fl-e2"/>
      </object_component>
      <object_component id="oc-2a8">
         <name>.debug_info</name>
         <load_address>0xc1a3</load_address>
         <run_address>0xc1a3</run_address>
         <size>0x298</size>
         <input_file_ref idref="fl-e2"/>
      </object_component>
      <object_component id="oc-290">
         <name>.debug_info</name>
         <load_address>0xc43b</load_address>
         <run_address>0xc43b</run_address>
         <size>0x296</size>
         <input_file_ref idref="fl-e2"/>
      </object_component>
      <object_component id="oc-3bf">
         <name>.debug_info</name>
         <load_address>0xc6d1</load_address>
         <run_address>0xc6d1</run_address>
         <size>0x26b</size>
         <input_file_ref idref="fl-e2"/>
      </object_component>
      <object_component id="oc-3af">
         <name>.debug_info</name>
         <load_address>0xc93c</load_address>
         <run_address>0xc93c</run_address>
         <size>0x297</size>
         <input_file_ref idref="fl-e2"/>
      </object_component>
      <object_component id="oc-3ba">
         <name>.debug_info</name>
         <load_address>0xcbd3</load_address>
         <run_address>0xcbd3</run_address>
         <size>0xef</size>
         <input_file_ref idref="fl-e2"/>
      </object_component>
      <object_component id="oc-2fb">
         <name>.debug_info</name>
         <load_address>0xccc2</load_address>
         <run_address>0xccc2</run_address>
         <size>0xbb</size>
         <input_file_ref idref="fl-e2"/>
      </object_component>
      <object_component id="oc-321">
         <name>.debug_info</name>
         <load_address>0xcd7d</load_address>
         <run_address>0xcd7d</run_address>
         <size>0x3b7</size>
         <input_file_ref idref="fl-e3"/>
      </object_component>
      <object_component id="oc-31e">
         <name>.debug_info</name>
         <load_address>0xd134</load_address>
         <run_address>0xd134</run_address>
         <size>0x157</size>
         <input_file_ref idref="fl-e3"/>
      </object_component>
      <object_component id="oc-323">
         <name>.debug_info</name>
         <load_address>0xd28b</load_address>
         <run_address>0xd28b</run_address>
         <size>0x15b</size>
         <input_file_ref idref="fl-e3"/>
      </object_component>
      <object_component id="oc-3d0">
         <name>.debug_info</name>
         <load_address>0xd3e6</load_address>
         <run_address>0xd3e6</run_address>
         <size>0x160</size>
         <input_file_ref idref="fl-e3"/>
      </object_component>
      <object_component id="oc-317">
         <name>.debug_info</name>
         <load_address>0xd546</load_address>
         <run_address>0xd546</run_address>
         <size>0x2ca</size>
         <input_file_ref idref="fl-e3"/>
      </object_component>
      <object_component id="oc-19f">
         <name>.debug_info</name>
         <load_address>0xd810</load_address>
         <run_address>0xd810</run_address>
         <size>0x2d2</size>
         <input_file_ref idref="fl-e3"/>
      </object_component>
      <object_component id="oc-1ad">
         <name>.debug_info</name>
         <load_address>0xdae2</load_address>
         <run_address>0xdae2</run_address>
         <size>0x247</size>
         <input_file_ref idref="fl-e3"/>
      </object_component>
      <object_component id="oc-1a7">
         <name>.debug_info</name>
         <load_address>0xdd29</load_address>
         <run_address>0xdd29</run_address>
         <size>0x271</size>
         <input_file_ref idref="fl-e3"/>
      </object_component>
      <object_component id="oc-33a">
         <name>.debug_info</name>
         <load_address>0xdf9a</load_address>
         <run_address>0xdf9a</run_address>
         <size>0x396</size>
         <input_file_ref idref="fl-e4"/>
      </object_component>
      <object_component id="oc-1f9">
         <name>.debug_info</name>
         <load_address>0xe330</load_address>
         <run_address>0xe330</run_address>
         <size>0x2ff</size>
         <input_file_ref idref="fl-e4"/>
      </object_component>
      <object_component id="oc-1e7">
         <name>.debug_info</name>
         <load_address>0xe62f</load_address>
         <run_address>0xe62f</run_address>
         <size>0x2cd</size>
         <input_file_ref idref="fl-e4"/>
      </object_component>
      <object_component id="oc-1e0">
         <name>.debug_info</name>
         <load_address>0xe8fc</load_address>
         <run_address>0xe8fc</run_address>
         <size>0x2bf</size>
         <input_file_ref idref="fl-e4"/>
      </object_component>
      <object_component id="oc-1f2">
         <name>.debug_info</name>
         <load_address>0xebbb</load_address>
         <run_address>0xebbb</run_address>
         <size>0x289</size>
         <input_file_ref idref="fl-e4"/>
      </object_component>
      <object_component id="oc-1ec">
         <name>.debug_info</name>
         <load_address>0xee44</load_address>
         <run_address>0xee44</run_address>
         <size>0x27f</size>
         <input_file_ref idref="fl-e4"/>
      </object_component>
      <object_component id="oc-1da">
         <name>.debug_info</name>
         <load_address>0xf0c3</load_address>
         <run_address>0xf0c3</run_address>
         <size>0x2bc</size>
         <input_file_ref idref="fl-e4"/>
      </object_component>
      <object_component id="oc-305">
         <name>.debug_info</name>
         <load_address>0xf37f</load_address>
         <run_address>0xf37f</run_address>
         <size>0x391</size>
         <input_file_ref idref="fl-e5"/>
      </object_component>
      <object_component id="oc-281">
         <name>.debug_info</name>
         <load_address>0xf710</load_address>
         <run_address>0xf710</run_address>
         <size>0x294</size>
         <input_file_ref idref="fl-e5"/>
      </object_component>
      <object_component id="oc-15a">
         <name>.debug_info</name>
         <load_address>0xf9a4</load_address>
         <run_address>0xf9a4</run_address>
         <size>0x256</size>
         <input_file_ref idref="fl-e5"/>
      </object_component>
      <object_component id="oc-274">
         <name>.debug_info</name>
         <load_address>0xfbfa</load_address>
         <run_address>0xfbfa</run_address>
         <size>0x295</size>
         <input_file_ref idref="fl-e5"/>
      </object_component>
      <object_component id="oc-27b">
         <name>.debug_info</name>
         <load_address>0xfe8f</load_address>
         <run_address>0xfe8f</run_address>
         <size>0x248</size>
         <input_file_ref idref="fl-e5"/>
      </object_component>
      <object_component id="oc-160">
         <name>.debug_info</name>
         <load_address>0x100d7</load_address>
         <run_address>0x100d7</run_address>
         <size>0x258</size>
         <input_file_ref idref="fl-e5"/>
      </object_component>
      <object_component id="oc-26e">
         <name>.debug_info</name>
         <load_address>0x1032f</load_address>
         <run_address>0x1032f</run_address>
         <size>0x2d6</size>
         <input_file_ref idref="fl-e5"/>
      </object_component>
      <object_component id="oc-300">
         <name>.debug_info</name>
         <load_address>0x10605</load_address>
         <run_address>0x10605</run_address>
         <size>0x441</size>
         <input_file_ref idref="fl-e6"/>
      </object_component>
      <object_component id="oc-351">
         <name>.debug_info</name>
         <load_address>0x10a46</load_address>
         <run_address>0x10a46</run_address>
         <size>0x156</size>
         <input_file_ref idref="fl-e6"/>
      </object_component>
      <object_component id="oc-2af">
         <name>.debug_info</name>
         <load_address>0x10b9c</load_address>
         <run_address>0x10b9c</run_address>
         <size>0x28c</size>
         <input_file_ref idref="fl-e6"/>
      </object_component>
      <object_component id="oc-176">
         <name>.debug_info</name>
         <load_address>0x10e28</load_address>
         <run_address>0x10e28</run_address>
         <size>0x286</size>
         <input_file_ref idref="fl-e6"/>
      </object_component>
      <object_component id="oc-1bd">
         <name>.debug_info</name>
         <load_address>0x110ae</load_address>
         <run_address>0x110ae</run_address>
         <size>0x26c</size>
         <input_file_ref idref="fl-e6"/>
      </object_component>
      <object_component id="oc-148">
         <name>.debug_info</name>
         <load_address>0x1131a</load_address>
         <run_address>0x1131a</run_address>
         <size>0x2e4</size>
         <input_file_ref idref="fl-e6"/>
      </object_component>
      <object_component id="oc-235">
         <name>.debug_info</name>
         <load_address>0x115fe</load_address>
         <run_address>0x115fe</run_address>
         <size>0x2be</size>
         <input_file_ref idref="fl-e6"/>
      </object_component>
      <object_component id="oc-3b6">
         <name>.debug_info</name>
         <load_address>0x118bc</load_address>
         <run_address>0x118bc</run_address>
         <size>0x51</size>
         <input_file_ref idref="fl-e6"/>
      </object_component>
      <object_component id="oc-302">
         <name>.debug_info</name>
         <load_address>0x1190d</load_address>
[...]
      <symbol id="sm-148">
         <name>angxpid</name>
         <value>0x200004b8</value>
      </symbol>
      <symbol id="sm-149">
         <name>v1pid</name>
         <value>0x200004d8</value>
      </symbol>
      <symbol id="sm-14a">
         <name>v2pid</name>
         <value>0x200004f8</value>
      </symbol>
      <symbol id="sm-14b">
         <name>PID</name>
         <value>0x1c77</value>
         <object_component_ref idref="oc-f3"/>
      </symbol>
      <symbol id="sm-14c">
         <name>initPID</name>
         <value>0x1c29</value>
         <object_component_ref idref="oc-f3"/>
      </symbol>
      <symbol id="sm-175">
         <name>wheel</name>
         <value>0x11f1</value>
         <object_component_ref idref="oc-d5"/>
      </symbol>
      <symbol id="sm-176">
         <name>SET_PWM</name>
         <value>0x1181</value>
         <object_component_ref idref="oc-d5"/>
      </symbol>
      <symbol id="sm-177">
         <name>ConfigurePWM</name>
         <value>0x10e1</value>
         <object_component_ref idref="oc-d5"/>
      </symbol>
      <symbol id="sm-178">
         <name>ban_pwm</name>
         <value>0x1169</value>
         <object_component_ref idref="oc-d5"/>
      </symbol>
      <symbol id="sm-194">
         <name>ConfigureQEI0</name>
         <value>0x1b05</value>
         <object_component_ref idref="oc-e1"/>
      </symbol>
      <symbol id="sm-195">
         <name>ConfigureQEI1</name>
         <value>0x1b83</value>
         <object_component_ref idref="oc-e1"/>
      </symbol>
      <symbol id="sm-196">
         <name>AcquireVelocity_Distance</name>
         <value>0x1beb</value>
         <object_component_ref idref="oc-e1"/>
      </symbol>
      <symbol id="sm-1a2">
         <name>ConfigureSYS</name>
         <value>0x299d</value>
         <object_component_ref idref="oc-c3"/>
      </symbol>
      <symbol id="sm-1d1">
         <name>ConfigureTIME0</name>
         <value>0xfd1</value>
         <object_component_ref idref="oc-c9"/>
      </symbol>
      <symbol id="sm-1d2">
         <name>ConfigureTIME1</name>
         <value>0x102d</value>
         <object_component_ref idref="oc-c9"/>
      </symbol>
      <symbol id="sm-1d3">
         <name>TIMER0_IRQHandler</name>
         <value>0xfbb</value>
         <object_component_ref idref="oc-c9"/>
      </symbol>
      <symbol id="sm-1d4">
         <name>TIMER1_IRQHandler</name>
         <value>0xe3d</value>
         <object_component_ref idref="oc-c9"/>
      </symbol>
      <symbol id="sm-207">
         <name>ConfigureUART5</name>
         <value>0x1411</value>
         <object_component_ref idref="oc-db"/>
      </symbol>
      <symbol id="sm-208">
         <name>UART5_Handler</name>
         <value>0x1369</value>
         <object_component_ref idref="oc-db"/>
      </symbol>
      <symbol id="sm-209">
         <name>UART1_Handler_BuleTooth</name>
         <value>0x1335</value>
         <object_component_ref idref="oc-db"/>
      </symbol>
      <symbol id="sm-20a">
         <name>ConfigureUART_BuleTooth</name>
         <value>0x14bf</value>
         <object_component_ref idref="oc-db"/>
      </symbol>
      <symbol id="sm-20b">
         <name>ConfigureUART</name>
         <value>0x1487</value>
         <object_component_ref idref="oc-db"/>
      </symbol>
      <symbol id="sm-20c">
         <name>USART0_Handler</name>
         <value>0x13dd</value>
         <object_component_ref idref="oc-db"/>
      </symbol>
      <symbol id="sm-218">
         <name>__aeabi_dmul</name>
         <value>0x1f6d</value>
         <object_component_ref idref="oc-16a"/>
      </symbol>
      <symbol id="sm-224">
         <name>__aeabi_d2f</name>
         <value>0x227f</value>
         <object_component_ref idref="oc-16f"/>
      </symbol>
      <symbol id="sm-22e">
         <name>__aeabi_ui2d</name>
         <value>0x27c5</value>
         <object_component_ref idref="oc-165"/>
      </symbol>
      <symbol id="sm-23d">
         <name>__aeabi_uidivmod</name>
         <value>0x261d</value>
         <object_component_ref idref="oc-2c7"/>
      </symbol>
      <symbol id="sm-23e">
         <name>__aeabi_uidiv</name>
         <value>0x261d</value>
         <object_component_ref idref="oc-2c7"/>
      </symbol>
      <symbol id="sm-257">
         <name>__TI_zero_init_nomemset</name>
         <value>0x2803</value>
         <object_component_ref idref="oc-47"/>
      </symbol>
      <symbol id="sm-26e">
         <name>__TI_decompress_none</name>
         <value>0x2a0f</value>
         <object_component_ref idref="oc-1b"/>
      </symbol>
      <symbol id="sm-291">
         <name>__TI_decompress_lzss</name>
         <value>0x2355</value>
         <object_component_ref idref="oc-15"/>
      </symbol>
      <symbol id="sm-29e">
         <name>atof</name>
         <value>0x2969</value>
         <object_component_ref idref="oc-221"/>
      </symbol>
      <symbol id="sm-2fe">
         <name>strtold</name>
         <value>0x715</value>
         <object_component_ref idref="oc-346"/>
      </symbol>
      <symbol id="sm-2ff">
         <name>strtod</name>
         <value>0x715</value>
         <object_component_ref idref="oc-346"/>
      </symbol>
      <symbol id="sm-312">
         <name>__stack</name>
         <value>0x20000270</value>
         <object_component_ref idref="oc-24"/>
      </symbol>
      <symbol id="sm-313">
         <name>_c_int00_noargs</name>
         <value>0x26fd</value>
         <object_component_ref idref="oc-59"/>
      </symbol>
      <symbol id="sm-329">
         <name>__aeabi_errno_addr</name>
         <value>0x2aa5</value>
         <object_component_ref idref="oc-3f1"/>
      </symbol>
      <symbol id="sm-32a">
         <name>errno</name>
         <value>0x20000554</value>
         <object_component_ref idref="oc-432"/>
      </symbol>
      <symbol id="sm-351">
         <name>scalbn</name>
         <value>0x1e5d</value>
         <object_component_ref idref="oc-3f7"/>
      </symbol>
      <symbol id="sm-352">
         <name>scalbnl</name>
         <value>0x1e5d</value>
         <object_component_ref idref="oc-3f7"/>
      </symbol>
      <symbol id="sm-353">
         <name>ldexpl</name>
         <value>0x1e5d</value>
         <object_component_ref idref="oc-3f7"/>
      </symbol>
      <symbol id="sm-354">
         <name>ldexp</name>
         <value>0x1e5d</value>
         <object_component_ref idref="oc-3f7"/>
      </symbol>
      <symbol id="sm-35e">
         <name>__aeabi_idiv0</name>
         <value>0x173b</value>
         <object_component_ref idref="oc-383"/>
      </symbol>
      <symbol id="sm-35f">
         <name>__aeabi_ldiv0</name>
         <value>0x173b</value>
         <object_component_ref idref="oc-383"/>
      </symbol>
      <symbol id="sm-376">
         <name>__aeabi_dsub</name>
         <value>0x1585</value>
         <object_component_ref idref="oc-3e2"/>
      </symbol>
      <symbol id="sm-377">
         <name>__aeabi_dadd</name>
         <value>0x158f</value>
         <object_component_ref idref="oc-3e2"/>
      </symbol>
      <symbol id="sm-389">
         <name>__aeabi_cdcmpeq</name>
         <value>0x21f9</value>
         <object_component_ref idref="oc-3e7"/>
      </symbol>
      <symbol id="sm-38a">
         <name>__aeabi_cdcmple</name>
         <value>0x21f9</value>
         <object_component_ref idref="oc-3e7"/>
      </symbol>
      <symbol id="sm-39e">
         <name>__aeabi_ddiv</name>
         <value>0x18a9</value>
         <object_component_ref idref="oc-3ec"/>
      </symbol>
      <symbol id="sm-3b9">
         <name>memcpy</name>
         <value>0x215d</value>
         <object_component_ref idref="oc-3b"/>
      </symbol>
      <symbol id="sm-3ba">
         <name>__aeabi_memcpy</name>
         <value>0x215d</value>
         <object_component_ref idref="oc-3b"/>
      </symbol>
      <symbol id="sm-3bb">
         <name>__aeabi_memcpy8</name>
         <value>0x215d</value>
         <object_component_ref idref="oc-3b"/>
      </symbol>
      <symbol id="sm-3bc">
         <name>__aeabi_memcpy4</name>
         <value>0x215d</value>
         <object_component_ref idref="oc-3b"/>
      </symbol>
      <symbol id="sm-3e5">
         <name>__TI_auto_init_nobinit_nopinit</name>
         <value>0x2599</value>
         <object_component_ref idref="oc-10d"/>
      </symbol>
      <symbol id="sm-3ef">
         <name>_system_pre_init</name>
         <value>0x2ae1</value>
         <object_component_ref idref="oc-95"/>
      </symbol>
      <symbol id="sm-3fb">
         <name>C$$EXIT</name>
         <value>0x2ae5</value>
         <object_component_ref idref="oc-101"/>
      </symbol>
      <symbol id="sm-3fc">
         <name>abort</name>
         <value>0x2ae5</value>
         <object_component_ref idref="oc-101"/>
      </symbol>
      <symbol id="sm-409">
         <name>_ctypes_</name>
         <value>0x2ae8</value>
         <object_component_ref idref="oc-3fd"/>
      </symbol>
      <symbol id="sm-413">
         <name>copysign</name>
         <value>0x2839</value>
         <object_component_ref idref="oc-437"/>
      </symbol>
      <symbol id="sm-414">
         <name>copysignl</name>
         <value>0x2839</value>
         <object_component_ref idref="oc-437"/>
      </symbol>
      <symbol id="sm-4c9">
         <name>GPIOPinTypePWM</name>
         <value>0x28b5</value>
         <object_component_ref idref="oc-1c1"/>
      </symbol>
      <symbol id="sm-4ca">
         <name>GPIOIntRegister</name>
         <value>0x286d</value>
         <object_component_ref idref="oc-29e"/>
      </symbol>
      <symbol id="sm-4cb">
         <name>GPIOPinConfigure</name>
         <value>0x2475</value>
         <object_component_ref idref="oc-1d3"/>
      </symbol>
      <symbol id="sm-4cc">
         <name>GPIOIntEnable</name>
         <value>0x2a29</value>
         <object_component_ref idref="oc-2a4"/>
      </symbol>
      <symbol id="sm-4cd">
         <name>GPIOIntTypeSet</name>
         <value>0x241d</value>
         <object_component_ref idref="oc-298"/>
      </symbol>
      <symbol id="sm-4ce">
         <name>GPIOIntClear</name>
         <value>0x2aad</value>
         <object_component_ref idref="oc-28c"/>
      </symbol>
      <symbol id="sm-4cf">
         <name>GPIOPinTypeUART</name>
         <value>0x28e1</value>
         <object_component_ref idref="oc-227"/>
      </symbol>
      <symbol id="sm-4d0">
         <name>GPIOIntStatus</name>
         <value>0x29ad</value>
         <object_component_ref idref="oc-286"/>
      </symbol>
      <symbol id="sm-4d1">
         <name>GPIOPinTypeGPIOOutput</name>
         <value>0x281f</value>
         <object_component_ref idref="oc-1c7"/>
      </symbol>
      <symbol id="sm-4d2">
         <name>GPIODirModeSet</name>
         <value>0x2731</value>
         <object_component_ref idref="oc-292"/>
      </symbol>
      <symbol id="sm-4d3">
         <name>GPIOPinTypeQEI</name>
         <value>0x28cb</value>
         <object_component_ref idref="oc-261"/>
      </symbol>
      <symbol id="sm-4d4">
         <name>GPIOPinWrite</name>
         <value>0x2ab3</value>
         <object_component_ref idref="oc-1cd"/>
      </symbol>
      <symbol id="sm-4d5">
         <name>GPIOPadConfigSet</name>
         <value>0x173d</value>
         <object_component_ref idref="oc-267"/>
      </symbol>
      <symbol id="sm-520">
         <name>IntPrioritySet</name>
         <value>0x275d</value>
         <object_component_ref idref="oc-19e"/>
      </symbol>
      <symbol id="sm-521">
         <name>IntEnable</name>
         <value>0x22ed</value>
         <object_component_ref idref="oc-1a4"/>
      </symbol>
      <symbol id="sm-522">
         <name>IntRegister</name>
         <value>0x2695</value>
         <object_component_ref idref="oc-315"/>
      </symbol>
      <symbol id="sm-523">
         <name>g_pfnRAMVectors</name>
         <value>0x20000000</value>
         <object_component_ref idref="oc-3cf"/>
      </symbol>
      <symbol id="sm-524">
         <name>IntMasterEnable</name>
         <value>0x297b</value>
         <object_component_ref idref="oc-1aa"/>
      </symbol>
      <symbol id="sm-559">
         <name>PWMGenPeriodSet</name>
         <value>0x298b</value>
         <object_component_ref idref="oc-1df"/>
      </symbol>
      <symbol id="sm-55a">
         <name>PWMPulseWidthSet</name>
         <value>0x27e5</value>
         <object_component_ref idref="oc-1f7"/>
      </symbol>
      <symbol id="sm-55b">
         <name>PWMGenPeriodGet</name>
         <value>0x2921</value>
         <object_component_ref idref="oc-1f1"/>
      </symbol>
      <symbol id="sm-55c">
         <name>PWMOutputState</name>
         <value>0x2933</value>
         <object_component_ref idref="oc-1e5"/>
      </symbol>
      <symbol id="sm-55d">
         <name>PWMGenEnable</name>
         <value>0x2a35</value>
         <object_component_ref idref="oc-1eb"/>
      </symbol>
      <symbol id="sm-55e">
         <name>PWMGenConfigure</name>
         <value>0x2781</value>
         <object_component_ref idref="oc-1d9"/>
      </symbol>
      <symbol id="sm-593">
         <name>QEIDirectionGet</name>
         <value>0x29c9</value>
         <object_component_ref idref="oc-15f"/>
      </symbol>
      <symbol id="sm-594">
         <name>QEIPositionGet</name>
         <value>0x2ad1</value>
         <object_component_ref idref="oc-159"/>
      </symbol>
      <symbol id="sm-595">
         <name>QEIIntDisable</name>
         <value>0x2a57</value>
         <object_component_ref idref="oc-273"/>
      </symbol>
      <symbol id="sm-596">
         <name>QEIEnable</name>
         <value>0x2a4d</value>
         <object_component_ref idref="oc-279"/>
      </symbol>
      <symbol id="sm-597">
         <name>QEIPositionSet</name>
         <value>0x2ad5</value>
         <object_component_ref idref="oc-27f"/>
      </symbol>
      <symbol id="sm-598">
         <name>QEIConfigure</name>
         <value>0x29bb</value>
         <object_component_ref idref="oc-26d"/>
      </symbol>
      <symbol id="sm-600">
         <name>SysCtlPeripheralPresent</name>
         <value>0x265d</value>
         <object_component_ref idref="oc-2ac"/>
      </symbol>
      <symbol id="sm-601">
         <name>SysCtlClockSet</name>
         <value>0x2069</value>
         <object_component_ref idref="oc-146"/>
      </symbol>
      <symbol id="sm-602">
         <name>SysCtlDelay</name>
         <value>0x2ab9</value>
         <object_component_ref idref="oc-2f9"/>
      </symbol>
      <symbol id="sm-603">
         <name>SysCtlPeripheralEnable</name>
         <value>0x26c9</value>
         <object_component_ref idref="oc-174"/>
      </symbol>
      <symbol id="sm-604">
         <name>SysCtlClockGet</name>
         <value>0x1d45</value>
         <object_component_ref idref="oc-233"/>
      </symbol>
      <symbol id="sm-605">
         <name>SysCtlPWMClockSet</name>
         <value>0x28f9</value>
         <object_component_ref idref="oc-1bb"/>
      </symbol>
      <symbol id="sm-678">
         <name>TimerLoadSet</name>
         <value>0x2945</value>
         <object_component_ref idref="oc-18c"/>
      </symbol>
      <symbol id="sm-679">
         <name>TimerIntRegister</name>
         <value>0x2885</value>
         <object_component_ref idref="oc-192"/>
      </symbol>
      <symbol id="sm-67a">
         <name>TimerEnable</name>
         <value>0x29d7</value>
         <object_component_ref idref="oc-1b0"/>
      </symbol>
      <symbol id="sm-67b">
         <name>TimerIntStatus</name>
         <value>0x2a61</value>
         <object_component_ref idref="oc-14d"/>
      </symbol>
      <symbol id="sm-67c">
         <name>TimerPrescaleSet</name>
         <value>0x2957</value>
         <object_component_ref idref="oc-186"/>
      </symbol>
      <symbol id="sm-67d">
         <name>TimerIntEnable</name>
         <value>0x2a93</value>
         <object_component_ref idref="oc-198"/>
      </symbol>
      <symbol id="sm-67e">
         <name>TimerClockSourceSet</name>
         <value>0x2abf</value>
         <object_component_ref idref="oc-17a"/>
      </symbol>
      <symbol id="sm-67f">
         <name>TimerConfigure</name>
         <value>0x23bd</value>
         <object_component_ref idref="oc-180"/>
      </symbol>
      <symbol id="sm-680">
         <name>TimerIntClear</name>
         <value>0x2ad9</value>
         <object_component_ref idref="oc-153"/>
      </symbol>
      <symbol id="sm-722">
         <name>UARTCharPutNonBlocking</name>
         <value>0x29f3</value>
         <object_component_ref idref="oc-215"/>
      </symbol>
      <symbol id="sm-723">
         <name>UARTConfigSetExpClk</name>
         <value>0x250d</value>
         <object_component_ref idref="oc-239"/>
      </symbol>
      <symbol id="sm-724">
         <name>UARTDisable</name>
         <value>0x27a5</value>
         <object_component_ref idref="oc-354"/>
      </symbol>
      <symbol id="sm-725">
         <name>UARTIntEnable</name>
         <value>0x2a9b</value>
         <object_component_ref idref="oc-251"/>
      </symbol>
      <symbol id="sm-726">
         <name>UARTCharsAvail</name>
         <value>0x2a01</value>
         <object_component_ref idref="oc-21b"/>
      </symbol>
      <symbol id="sm-727">
         <name>UARTCharGetNonBlocking</name>
         <value>0x29e5</value>
         <object_component_ref idref="oc-20f"/>
      </symbol>
      <symbol id="sm-728">
         <name>UARTClockSourceSet</name>
         <value>0x2ac5</value>
         <object_component_ref idref="oc-22d"/>
      </symbol>
      <symbol id="sm-729">
         <name>UARTCharPut</name>
         <value>0x2a75</value>
         <object_component_ref idref="oc-2b2"/>
      </symbol>
      <symbol id="sm-72a">
         <name>UARTEnable</name>
         <value>0x290d</value>
         <object_component_ref idref="oc-257"/>
      </symbol>
      <symbol id="sm-72b">
         <name>UARTFIFOEnable</name>
         <value>0x2a7f</value>
         <object_component_ref idref="oc-23f"/>
      </symbol>
      <symbol id="sm-72c">
         <name>UARTIntClear</name>
         <value>0x2add</value>
         <object_component_ref idref="oc-209"/>
      </symbol>
      <symbol id="sm-72d">
         <name>UARTIntStatus</name>
         <value>0x2a89</value>
         <object_component_ref idref="oc-203"/>
      </symbol>
      <symbol id="sm-72e">
         <name>UARTCharGet</name>
         <value>0x2a6b</value>
         <object_component_ref idref="oc-2b8"/>
      </symbol>
      <symbol id="sm-72f">
         <name>UARTFIFOLevelSet</name>
         <value>0x2acb</value>
         <object_component_ref idref="oc-245"/>
      </symbol>
      <symbol id="sm-730">
         <name>UARTIntRegister</name>
         <value>0x289d</value>
         <object_component_ref idref="oc-24b"/>
      </symbol>
      <symbol id="sm-73a">
         <name>CPUcpsie</name>
         <value>0x2a1d</value>
         <object_component_ref idref="oc-326"/>
      </symbol>
      <symbol id="sm-73b">
         <name>__TI_static_base__</name>
         <value>0x0</value>
      </symbol>
      <symbol id="sm-73e">
         <name>__mpu_init</name>
         <value>0x0</value>
      </symbol>
      <symbol id="sm-73f">
         <name>_system_post_cinit</name>
         <value>0x0</value>
      </symbol>
   </symbol_table>
   <title>Link successful</title>
</link_info>
